Startup stage sdk_open_ms=1
Startup stage posts_schema_ms=27
Startup stage coverage_schema_ms=9
Startup stage embedding_schema_ms=0
Startup stage social_schema_ms=25
Startup stage derived_cleanup_ms=1034
Startup stage analyze_events_ms=61
Built 12 fixed-k and 137 DBSCAN topics from cached minilm vectors
	Command being timed: "env MEATYBROTH_DB=/tmp/meatybroth-dbscan-release.sqlite MEATYBROTH_RECLUSTER_ONLY=minilm MEATYBROTH_KMEANS_K=12 MEATYBROTH_DBSCAN_EPSILON_COSINE=0.20 MEATYBROTH_DBSCAN_MIN_SAMPLES=8 /tmp/meatybroth-goal3-target/release/meatybroth"
	User time (seconds): 94.91
	System time (seconds): 1.00
	Percent of CPU this job got: 97%
	Elapsed (wall clock) time (h:mm:ss or m:ss): 1:38.54
	Average shared text size (kbytes): 0
	Average unshared data size (kbytes): 0
	Average stack size (kbytes): 0
	Average total size (kbytes): 0
	Maximum resident set size (kbytes): 227124
	Average resident set size (kbytes): 0
	Major (requiring I/O) page faults: 0
	Minor (reclaiming a frame) page faults: 40851
	Voluntary context switches: 425
	Involuntary context switches: 28290
	Swaps: 0
	File system inputs: 8
	File system outputs: 102712
	Socket messages sent: 0
	Socket messages received: 0
	Signals delivered: 0
	Page size (bytes): 4096
	Exit status: 0
