TESTED_COMMIT=724c0e1d13c2158340ff1772fc8789d3ca94fd03
COMMAND=cargo +stable build --locked --release
warning: ignoring `resolver.incompatible-publish-age` without `-Zmin-publish-age`
warning: ignoring `registry.global-min-publish-age` without `-Zmin-publish-age`
   Compiling proc-macro2 v1.0.107
   Compiling quote v1.0.47
   Compiling unicode-ident v1.0.24
   Compiling libc v0.2.189
   Compiling cfg-if v1.0.4
   Compiling find-msvc-tools v0.1.12
   Compiling shlex v2.0.1
   Compiling stable_deref_trait v1.2.1
   Compiling smallvec v1.16.0
   Compiling pin-project-lite v0.2.17
   Compiling itoa v1.0.18
   Compiling memchr v2.8.3
   Compiling bytes v1.12.1
   Compiling futures-core v0.3.34
   Compiling serde_core v1.0.229
   Compiling futures-sink v0.3.34
   Compiling litemap v0.8.3
   Compiling writeable v0.6.4
   Compiling serde v1.0.229
   Compiling icu_normalizer_data v2.3.0
   Compiling utf8_iter v1.0.4
   Compiling icu_properties_data v2.3.0
   Compiling percent-encoding v2.3.2
   Compiling futures-task v0.3.34
   Compiling version_check v0.9.5
   Compiling slab v0.4.12
   Compiling once_cell v1.21.4
   Compiling log v0.4.34
   Compiling futures-io v0.3.34
   Compiling futures-channel v0.3.34
   Compiling zeroize v1.9.0
   Compiling form_urlencoded v1.2.2
   Compiling cc v1.4.5
   Compiling siphasher v1.0.3
   Compiling zmij v1.0.23
   Compiling getrandom v0.3.4
   Compiling zerocopy v0.8.56
   Compiling httparse v1.10.1
   Compiling rustls-pki-types v1.15.1
   Compiling typenum v1.20.1
   Compiling serde_json v1.0.151
   Compiling fastrand v2.5.0
   Compiling generic-array v0.14.7
   Compiling bitcoin-internals v0.6.0
   Compiling getrandom v0.4.3
   Compiling untrusted v0.9.0
   Compiling parking_lot_core v0.9.12
   Compiling heapless v0.8.0
   Compiling phf_shared v0.13.1
   Compiling byteorder v1.5.0
   Compiling arrayvec v0.7.8
   Compiling rand_core v0.10.1
   Compiling scopeguard v1.2.0
   Compiling rustls v0.23.43
   Compiling new_debug_unreachable v1.0.6
   Compiling subtle v2.6.1
   Compiling thiserror v2.0.20
   Compiling lock_api v0.4.14
   Compiling tracing-core v0.1.36
   Compiling cpufeatures v0.2.17
   Compiling hash32 v0.3.1
   Compiling universal-time v0.3.1
   Compiling hex-conservative v1.2.0
   Compiling thiserror v1.0.69
   Compiling pkg-config v0.3.34
   Compiling phf_generator v0.13.1
   Compiling bech32 v0.12.0
   Compiling vcpkg v0.2.15
   Compiling http v1.5.0
   Compiling phf_codegen v0.13.1
   Compiling opaquerr v0.2.0
   Compiling precomputed-hash v0.1.1
   Compiling bitcoin-consensus-encoding v1.2.0
   Compiling webpki-roots v1.0.9
   Compiling utf-8 v0.7.6
   Compiling tower-service v0.3.3
   Compiling autocfg v1.5.1
   Compiling phf v0.13.1
   Compiling syn v3.0.5
   Compiling syn v2.0.119
   Compiling string_cache_codegen v0.6.1
   Compiling tracing v0.1.44
   Compiling foldhash v0.2.0
   Compiling data-encoding v2.11.1
   Compiling webpki-roots v0.26.11
   Compiling tendril v0.5.1
   Compiling either v1.18.0
   Compiling dtoa v1.0.11
   Compiling httpdate v1.0.3
   Compiling bitflags v2.13.1
   Compiling sync_wrapper v1.0.2
   Compiling tower-layer v0.3.3
   Compiling hashbrown v0.16.1
   Compiling atomic-waker v1.1.2
   Compiling dtoa-short v0.3.5
   Compiling faster-hex v0.10.0
   Compiling aho-corasick v1.1.5
   Compiling regex-syntax v0.8.11
   Compiling ryu v1.0.23
   Compiling num-traits v0.2.19
   Compiling fallible-iterator v0.3.0
   Compiling fallible-streaming-iterator v0.1.9
   Compiling mime v0.3.17
   Compiling nostr-sqlite v0.45.1
   Compiling pulldown-cmark v0.13.4
   Compiling cssparser v0.37.0
   Compiling maplit v1.0.2
   Compiling mio v1.2.3
   Compiling socket2 v0.6.5
   Compiling getrandom v0.2.17
   Compiling web_atoms v0.2.6
   Compiling rand_core v0.9.5
   Compiling http-body v1.1.0
   Compiling rand v0.10.2
   Compiling hashlink v0.11.1
   Compiling block-buffer v0.10.4
   Compiling crypto-common v0.1.7
   Compiling parking_lot v0.12.5
   Compiling http-body-util v0.1.5
   Compiling negentropy v0.5.1
   Compiling iana-time-zone v0.1.65
   Compiling matchit v0.8.4
   Compiling memo-map v0.3.4
   Compiling digest v0.10.7
   Compiling ring v0.17.14
   Compiling secp256k1-sys v0.10.1
   Compiling libsqlite3-sys v0.36.0
   Compiling string_cache v0.9.0
   Compiling axum-core v0.5.6
   Compiling sha1 v0.10.7
   Compiling unicase v2.9.0
   Compiling lru v0.18.4
   Compiling pulldown-cmark-escape v0.11.0
   Compiling linkify v0.10.0
   Compiling html-escape v0.2.15
   Compiling bech32 v0.11.1
   Compiling serde_path_to_error v0.1.20
   Compiling chrono v0.4.45
   Compiling synstructure v0.13.2
   Compiling markup5ever v0.39.0
   Compiling regex-automata v0.4.18
   Compiling zerofrom-derive v0.1.7
   Compiling yoke-derive v0.8.2
   Compiling thiserror-impl v1.0.69
   Compiling html5ever v0.39.0
   Compiling zerofrom v0.1.8
   Compiling yoke v0.8.3
   Compiling ppv-lite86 v0.2.21
   Compiling rand_chacha v0.9.0
   Compiling rand v0.9.5
   Compiling zerovec-derive v0.11.6
   Compiling displaydoc v0.2.7
   Compiling tokio-macros v2.7.2
   Compiling serde_derive v1.0.229
   Compiling futures-macro v0.3.34
   Compiling thiserror-impl v2.0.20
   Compiling zerotrie v0.2.5
   Compiling tokio v1.53.1
   Compiling futures-util v0.3.34
   Compiling zerovec v0.11.8
   Compiling regex v1.13.1
   Compiling tinystr v0.8.4
   Compiling potential_utf v0.1.6
   Compiling icu_collections v2.3.0
   Compiling icu_locale_core v2.3.0
   Compiling secp256k1 v0.30.0
   Compiling icu_provider v2.3.1
   Compiling icu_normalizer v2.3.0
   Compiling icu_properties v2.3.0
   Compiling bitcoin_hashes v1.2.0
   Compiling serde_urlencoded v0.7.1
   Compiling minijinja v2.24.0
   Compiling futures-executor v0.3.34
   Compiling idna_adapter v1.2.2
   Compiling futures v0.3.34
   Compiling idna v1.1.0
   Compiling url v2.5.8
   Compiling nostr v0.45.4
   Compiling ammonia v4.1.4
   Compiling tokio-util v0.7.19
   Compiling tokio-happy-eyeballs v0.1.0
   Compiling tokio-socks v0.5.3
   Compiling hyper v1.11.1
   Compiling async-utility v0.3.2
   Compiling tower v0.5.3
   Compiling tokio-stream v0.1.19
   Compiling hyper-util v0.1.20
   Compiling axum v0.8.9
   Compiling rustls-webpki v0.103.15
   Compiling nostr-database v0.45.1
   Compiling nostr-gossip v0.45.0
   Compiling tungstenite v0.28.0
   Compiling tokio-rustls v0.26.5
   Compiling tokio-tungstenite v0.28.0
   Compiling async-wsocket v0.17.0
   Compiling nostr-sdk v0.45.2
   Compiling rusqlite v0.38.0
   Compiling meatybroth v0.1.0 (/tmp/meatybroth-rust-deployment-724c0e1)
    Finished `release` profile [optimized] target(s) in 58.45s
