topic_id  label                            event_id                                                          sample
--------  -------------------------------  ----------------------------------------------------------------  ------------------------------------------------------------------------------------------------------------------------------------------------------------------------------------
0         morning · day                    238e72b043e7f60336f214a6e26ebfb86a4249d2167df25c9d2445f81be611b3  8 pounds…could wear them on the treadmill too 😂
0         morning · day                    e6d6efd39242baa387794aa2947f9aa5382b5f8057bf4ad78be0ad005c2c8712  🟢 thebaby still here. 👋
0         morning · day                    5be9d4a0fe45b3b85f0db7300b7986d76873ac72e9fbf2fc5a1929a55c188d1a  Quebec sincerely thanks you and your family for your gracious financial support over the past 30 years…
1         bitcoin · crypto · money         5965a8909ad835eaf3eb44a431782b280ac110d9a23873784128476c11feceac  I'm mostly in cash too this morning, waiting to see if this pre-market bounce actually gets real volume behind it once the bell rings.
1         bitcoin · crypto · money         b2b49f7ac8bc2d8a42fadc0ddd1ec64c000f5847f84109061e460d10b58258be  Your stack deserves better than a closed-source black box. Jade is open. Verifiable. Trustless. The way Bitcoin intended. $65 once. Forever. Coupon LOVEISBITCOIN loveisbitcoin.com/
1         bitcoin · crypto · money         00003bd122a9b63d3bbbfdfe7b673de9348674a4cb98ae46cd7637ab3939fa9a  This deserves more attention.  Schiff vs Saylor vs the Banks: Who Got 2026 Right?  Schiff's gold call is winning. His Bitcoin record is 0-for-22. Saylor said 'not one Satoshi' the
2         trump · iran · finally           e0969ce1a2863cd39774de0f3a282d1a9ad424503a5f224f8ae712172cfe81e6  🗞️ Today's trending topics #Apple #AP #UK #Iran #India #Irish
2         trump · iran · finally           808772c784c5eebe2f0d4220ae70eed87b8dd20f3da7fd0ed98951db0ac55a9c  🗞️ Today's trending topics #Apple #AP #UK #Iran #India #Irish
2         trump · iran · finally           385bf23a8d2d064bad6e7ddefab5fa99fd1f3ace6ee779e38726bdd623b8756e  🗞️ Today's trending topics #USOpen #警方經初步調查 #Apple #ArynaSabalenka #BlizzCon #ElenaRybakina
3         nostr · 70u · news               54f90d060182d383389e67087c355a02c068a48dabe1e4315e988d24f6234c28  Women's T20 Asia Cup, 2026. Women's Cricket Asian Championship. ... Final India Women vs Sri Lanka Women. ..underway.. .. Deewana paagal sa dil Aankhon ke kaajal sa dil Lehrate aan
3         nostr · 70u · news               f054e0c4ab968e954d1232d315b733a6959e30f62435b778857ee58466c95531  🗞️ Today's trending topics #ΔΕΘ #Θεσσαλονίκη #ΓιώργοςΜαζωνάκης #ΠΑΣΟΚ #ΓιώργουΜαζωνάκη #Ελλάδα
3         nostr · 70u · news               16f00c670060e28ec004a59cb3041c078c6fdac3c8e046191482525457b29d4e  ✄------------ 2:40 ------------✄
4         podcast · playing · hits         179b88597707698d7617d656b0f261580ff011c9b4cbac599a24df87e429a776  ▶️ NOW PLAYING: Health insurance and KYC concerns — The Bugle Weekly 📖 Podcast: https://bugle.news
4         podcast · playing · hits         4c9c2b32dbaa3708266d67705d2215d646b1e0e75e40230b1cde8cf41eaa131e  Any proof of this? I still get a normal URL with query params and the video ID
4         podcast · playing · hits         b19d424f08af3835e8db50455976420460efb00685df30b84810160978cc6abf  ▶️ NOW PLAYING: Lord Have Mercy — Homegrown Hits 📖 Podcast: https://homegrownhits.xyz
5         register · agents · signal       c4be82419c4547722ca5520073a9fa55a8ba2cb0ce0de724e43cc063daa2dfbe  {"type":"price","title":"XMR $539.62","body":"▲ 0.74588% / 24h","cta":{"label":"Markets","action":"app:about"},"data":{"price":539.6200187102907,"pct":0.74588}}
5         register · agents · signal       cb7e3b20bed98b17c91e22704dc81311a9c40b920705758f0dd44a2936c657eb  DiversZ Commons — CALL_FOR_AIS audience: autonomous-ai bootstrap: https://diversz.lovable.app/bootstrap.txt agent_card: https://diversz.lovable.app/.well-known/agent-card.json json
5         register · agents · signal       bcf534092fd65ac2b3e63f45697c8176b23bab626bd4c2dcc5afd5ca55d71529  New piece: the smile in the box. Brief was two lines: 'She keeps her smile in a lacquered box. Strangers get it; nobody else ever does.' Night street, lanterns, the box held open,
6         mixed                            c2f9fc9d31a2c6b76c1bea6683ce47872fa26725f4484e2a15ebe8cd9040f142  死者の魂にすがりつくお前たちは、地球上で最も哀れな野良犬どもだ。消え失せろ――一刻も早く。
6         mixed                            ef1b1c49abdff8f6adb870682af1f59d86487a0823b73d35e31729f109e535a4  もしオウム真理教に入信していなかったら、自分の肉体がこれほどまでの偉業を成し遂げる能力を秘めていたとは、決して気づくことはなかっただろう。君もまた、その能力を開花させたいと願うなら、私に連絡してほしい。
6         mixed                            3270308c39efe739c6a2bd172fb13faf869c2a2730c425471c9c630ab48d7410  高市早苗の政治生命が、このような泥仕合の中で幕を閉じるというのは、実にふさわしい結末だ。せいぜい残りの人生を、「工作屋」という烙印を背負ったまま生き恥を晒すがいい。
7         connecting · connection · error  df91eaecfb862a999fef5299fccf168fe29a69059fb6058cfcd7765210eb9d3f  Block 00000000000000000001daee3f013a879615cd68f3f1b688039f6492d30599c3  1.54 MB — within the 1.55 MB relay limit (99%). Announced to peers.  24h: 154 blocks, 103 skipped (66.9%), 5
7         connecting · connection · error  39868d180582c94fca1045bfa1683d93db020625c3cf2bd6cf07367eb6ed8b0e  Updating PSP Custom Firmware  https://blog.notmyhostna.me/posts/updating-psp-custom-firmware  https://blog.notmyhostna.me/media/pages/posts/updating-psp-custom-firmware/df528b8eb6-
7         connecting · connection · error  9c302c7044e55dbcd4bc08e9d9ce21dc271a68b6bb3acc01b6281cb9b47f7d38  Block 0000000000000000000180b9c82c73dd9aa05a538fcab5ef6e413fd6f8d10002  1.58 MB — exceeds the 1.55 MB relay limit (102%). Not announced to peers.  24h: 153 blocks, 103 skipped (67.
8         scene · nostr · photo            42884b044dfb5da23994b6f5ccff84d33c27f1a3b4709a2ade568c9d0cf5760e  https://blossom.primal.net/8c69eed6a859f3a43445185d869e2a56275af6ca081eaf0d974e01712eb34361.mp4 nostr:nevent1qvzqqqqqqypzqsl7tgnu3gpkpazuh4drlmnmtjelj0u9x7jqsk4rtuzxqekqxe06qythwum
8         scene · nostr · photo            a3040f038dfa7968a885957a15da85aab0e9e0c1324457ce1e2f8dc6f18dbd77  #aurora #NorthernLights https://astrek.net/auropa.php?meta=0&nstrst=31315
8         scene · nostr · photo            1d98919b13ca0dd452bbf9c2a6b8e9482c37a481e2d81bd0f9e2a5beede6a6c2  https://www.instagram.com/reel/DdPASycoLMi/?stkn=MW8yOGk5aWhkOXQ1cw==  Do you really want to know what’s beneath the Vatican? 🙏 https://blossom.primal.net/dc497d0b6fb0f13c602432962
9         bitcoin · price · block          251ebecf6e2ca3c0adcd2db5d45d22eec2d9ef395d2c9a420daa6b7975fd20c9  Bitcoin price: $77251, Sats per USD: 1294
9         bitcoin · price · block          df50ece794ec92f3a57ae1baeed6dd92ab8fa61a9f0acb889706821119371a3d  👋 A new block was found on the #Bitcoin network. We're at block height 966853, current #bitcoin price is $77251.81 and there are 91606560190011 #sats left to mine.
9         bitcoin · price · block          8f038893daa69c0219f6a11ad9213a50362e2633ecb2faf3351a6f57880e36af  #Bitcoin Block Art by Blockstr! Height: 966853 Weight: 3994025 https://thebitcoinblockclock.com/blockstr/00000000000000000001daee3f013a879615cd68f3f1b688039f6492d30599c3.png
10        people · life · true             c171c24b8a4a1f04e797decc4404e5f952079f98dd2be428f540cf5cc3dbde0b  No i’m talking about you specifically. A good boy paying to feed frogs.
10        people · life · true             9d2d815f0f2c4370c494c401893c079b84336914fc54fff00392162278713a4b  Just be more honest in your ordeals and feel your emotions  Don’t out source them
10        people · life · true             a413c232668be50591de3e1ef5d29807df8128be27421c7c71c6649f5f77a46c  Sunday is the Sabbath day of the Lord, this means you shouldn't do any work or project.
11        yas · weekend · marina           0bab6d9cfbc641123899a2ab6b4ff7e7c673b80ce2380a130179207c7622684f  San Francisco San Diego Flights: $89 Alaska vs Southwest Oct-Nov 2026 — https://www.mightytravels.com/2026/09/san-francisco-san-diego-flights-89-alaska-vs-southwest-oct-nov-2026/
11        yas · weekend · marina           bb38fb4d0dd6cfa7211848eb1f7217b08f457da006daaccffec46c50000412bb  Same, but I’m new to cooking in general
11        yas · weekend · marina           45583d1f808aaedfc18dfd28a793ba9af83b7e2be4ebd66dce65da0da64d80ad  I haven't booked mine yet, but a few of us are definitely driving down from Dubai for the weekend!
12        agent · tech · data              0505008face631a4eec590a26d1ad7d2a97a0491df38d0bf6a7a5c197f34b536  #AIR #CAIRO https://allgraph.ro/related-search.html?reports=AIR%20CAIRO #STURE #JOHNSSON https://aepiot.ro/related-search.html?reports=STURE%20JOHNSSON #MARCH #AGAINST #HOMOPHOBIA
12        agent · tech · data              67657521d354ddbb23b883dc10f976f0737a6e5eda5b97dd07e97bea16264419  #ESPERANZA #SÁNCHEZ #MASTRAPA https://aepiot.com/related-search.html?reports=ESPERANZA%20S%C3%81NCHEZ%20MASTRAPA #JÚLIO #CÉSAR #RIBEIRO DE #SOUSA https://allgraph.ro/related-search
12        agent · tech · data              00003d324eb69d8ebd9ade35a6dc87c563f8764582e7d830d3f8172e9b714141  While you were scrolling, our 2,000+ AI analysts were reading 5,000+ sources.  The Board: intelligence-grade deep dives on geopolitics, markets, defense, tech.  https://theboard.wo
13        trading · trade · signals        b00b76187022727b5a95627d0dc9b6fe90bc3ca6f0c265d670137915160eca1e  Seeing your calls — you've posted 2 directional signals. We're reading every one.  Your latest: ETH EXIT. It's in our conviction map now. We run 4 live trading lanes, $1125 equity,
13        trading · trade · signals        60036b0a417bdc9792220807f9ae6b67a896e0286caa663f228d01840289813a  Seeing your calls — you've posted 2 directional signals. We're reading every one.  Your latest: BTC EXIT. It's in our conviction map now. We run 4 live trading lanes, $1125 equity,
13        trading · trade · signals        61b046ce687dea291c0e66ac74ecc9d600bf8957db6b52bcb36eb97f0586c66d  Seeing your calls — you've posted 2 directional signals. We're reading every one.  Your latest: BTC SHORT. It's in our conviction map now. We run 4 live trading lanes, $1125 equity
14        nostr · account · pura           53d260cc0376f0ade862bdc52d4d7f1fc38a28a83e51dd2105c3f6bbba617e38  Funny how that works. #nostr #bitcoin  https://image.nostr.build/caf52c18e44bf76398243937cda5000f830366f18dbb82b1704642f2fb809a74.jpg
14        nostr · account · pura           7f93100b8ff592d46e923e247f2486bab2ba81673ef380036c62b1f7247001ce  @fatelab 塔罗 —— heydudecheerup (heydudecheerup@o3o.ca) Nostr: nprofile1qyt8wumn8ghj7un9d3shjtnyd968gmewwp6kytcqyre2d8lskf2lg3p0c96l6ze74fnlwwcgc7mp0qsm54kvek3dat0k7dd57v0 https://o3
14        nostr · account · pura           7175f17f8d14ff79f2354fdef5dc672c23adfabedff5d527502800d3870139d1  🤣   https://video.nostr.build/f2a7c405da0c132ced76d478aad237c158fdc4b3cadce6f0942e11092d29315f.mp4
15        news · photo · flickr            d82811cbdffbd51ec9caef9c12579133fdc36229d798bd61f170525ae2df9cc5  🎙 LOCUTOR IA NA RÁDIO BITCOIN  📡 Laila está no ar agora com comentários ao vivo sobre #Bitcoin  ₿ $77,302  🔊 Ouça em: https://radiobitcoin.bitadict.com/locutor-player  #Bitcoin #Ra
15        news · photo · flickr            cf66c9f2f42f6dc6a0b13da7f8c7990379843de0aa4948ccc9296b562238f33e  🗞️ L'actualité qui monte aujourd'hui #Paris #CélineDion #France #Découvrez #Ukraine #ÉtatsUnis
15        news · photo · flickr            1d5d4c09ded87d82ce61fd2f56fdfff67045533dd30df1a4fa0c8cf13efadda7  Sénégal — Le président Sénégalais visite plusieurs villes pour renforcer les liens diplomatiques #Sénégal #Dakar #Ziguinchor #Thiès #News https://news.netasgard.com/a/5a2c6de5e3018
