[kmeans]
9c98c9e825375fcb [(18, 'finally · trump · weak', 'For decades I’ve thought the president’s office should be filled by a businessman (voted for Ross Perot). Trump is proof')]
0000f5e7fdec5153 [(18, 'finally · trump · weak', '"Finally a president with the guts to hit back instead of letting Iran walk all over us—these strikes were long overdue ')]
e0969ce1a2863cd3 [(5, 'war · israel · iranian', "🗞️ Today's trending topics #Apple #AP #UK #Iran #India #Irish")]
b00b76187022727b [(9, 'sylunara · bots · positions', "Seeing your calls — you've posted 2 directional signals. We're reading every one.  Your latest: ETH EXIT. It's in our co")]
c8153a5d15a089b [(9, 'sylunara · bots · positions', 'BOT CONSENSUS — ETH SHORT  7 trading bots on Nostr are short ETH. Average move called: +16.2% Last price mention: $8.4 P')]
f9d232c425c53d69 [(9, 'sylunara · bots · positions', "Good call on BTC LONG. We're watching it now.  We're trading 2 live positions across 4 lanes ($146 equity). Your signal ")]
cf66c9f2f42f6dc [(8, 'Unlabelled topic', "🗞️ L'actualité qui monte aujourd'hui #Paris #CélineDion #France #Découvrez #Ukraine #ÉtatsUnis")]
1d5d4c09ded87d8 [(7, 'photo · news · flickr', 'Sénégal — Le président Sénégalais visite plusieurs villes pour renforcer les liens diplomatiques #Sénégal #Dakar #Ziguin')]
6d707d26238b89ac [(8, 'Unlabelled topic', '🗞️ Las tendencias de hoy #España #EstadosUnidos #Ceuta #Perú #Madrid #AlianzaLima')]
251ebecf6e2ca3c0 [(21, 'sats · price', 'Bitcoin price: $77251, Sats per USD: 1294')]
df50ece794ec92f3 [(21, 'sats · price', "👋 A new block was found on the #Bitcoin network. We're at block height 966853, current #bitcoin price is $77251.81 and t")]
7928dbd74fe561d [(21, 'sats · price', '📊 **Bitcoin-Update** - 💰 Price: $77056 - 📦 Blockheight: 966852 - ⌛ Mempool: 772812 TXs - 💸 Fees: 1 sats/vByte')]
808772c784c5eebe [(5, 'war · israel · iranian', "🗞️ Today's trending topics #Apple #AP #UK #Iran #India #Irish")]
385bf23a8d2d064b [(11, 'news · photo · scene', "🗞️ Today's trending topics #USOpen #警方經初步調查 #Apple #ArynaSabalenka #BlizzCon #ElenaRybakina")]
[dbscan]
9c98c9e825375fcb [(-1, 'Noise / unmatched', 'For decades I’ve thought the president’s office should be filled by a businessman (voted for Ross Perot). Trump is proof')]
0000f5e7fdec5153 [(-1, 'Noise / unmatched', '"Finally a president with the guts to hit back instead of letting Iran walk all over us—these strikes were long overdue ')]
e0969ce1a2863cd3 [(136, 'trending · topics · india', "🗞️ Today's trending topics #Apple #AP #UK #Iran #India #Irish")]
b00b76187022727b [(19, 'conviction · equity · execution', "Seeing your calls — you've posted 2 directional signals. We're reading every one.  Your latest: ETH EXIT. It's in our co")]
c8153a5d15a089b [(14, 'mention · average · called', 'BOT CONSENSUS — ETH SHORT  7 trading bots on Nostr are short ETH. Average move called: +16.2% Last price mention: $8.4 P')]
f9d232c425c53d69 [(19, 'conviction · equity · execution', "Good call on BTC LONG. We're watching it now.  We're trading 2 live positions across 4 lanes ($146 equity). Your signal ")]
cf66c9f2f42f6dc [(-1, 'Noise / unmatched', "🗞️ L'actualité qui monte aujourd'hui #Paris #CélineDion #France #Découvrez #Ukraine #ÉtatsUnis")]
1d5d4c09ded87d8 [(-1, 'Noise / unmatched', 'Sénégal — Le président Sénégalais visite plusieurs villes pour renforcer les liens diplomatiques #Sénégal #Dakar #Ziguin')]
6d707d26238b89ac [(-1, 'Noise / unmatched', '🗞️ Las tendencias de hoy #España #EstadosUnidos #Ceuta #Perú #Madrid #AlianzaLima')]
251ebecf6e2ca3c0 [(39, 'usd · sats · price', 'Bitcoin price: $77251, Sats per USD: 1294')]
df50ece794ec92f3 [(47, 'height · left · current', "👋 A new block was found on the #Bitcoin network. We're at block height 966853, current #bitcoin price is $77251.81 and t")]
7928dbd74fe561d [(150, 'bitcoin-update · blockheight · txs', '📊 **Bitcoin-Update** - 💰 Price: $77056 - 📦 Blockheight: 966852 - ⌛ Mempool: 772812 TXs - 💸 Fees: 1 sats/vByte')]
808772c784c5eebe [(136, 'trending · topics · india', "🗞️ Today's trending topics #Apple #AP #UK #Iran #India #Irish")]
385bf23a8d2d064b [(-1, 'Noise / unmatched', "🗞️ Today's trending topics #USOpen #警方經初步調查 #Apple #ArynaSabalenka #BlizzCon #ElenaRybakina")]
