warning: unused config key `unstable.min-publish-age` in `/home/code/.cargo/config.toml`
warning: unused config key `unstable.min-publish-age` in `/home/code/.cargo/config.toml`
   Compiling libc v0.2.189
   Compiling proc-macro2 v1.0.107
   Compiling quote v1.0.47
   Compiling unicode-ident v1.0.24
   Compiling syn v3.0.5
   Compiling syn v2.0.119
   Compiling jobserver v0.1.35
    Checking errno v0.3.14
    Checking signal-hook-registry v1.4.8
   Compiling tokio-macros v2.7.2
   Compiling cc v1.4.5
    Checking socket2 v0.6.5
    Checking mio v1.2.3
    Checking tokio v1.53.1
   Compiling ring v0.17.14
   Compiling futures-macro v0.3.34
    Checking futures-util v0.3.34
    Checking getrandom v0.2.17
    Checking tokio-util v0.7.19
   Compiling tracing-attributes v0.1.31
   Compiling synstructure v0.13.2
   Compiling cmake v0.1.58
   Compiling serde_derive v1.0.229
    Checking tracing v0.1.44
   Compiling aws-lc-sys v0.45.0
   Compiling zerofrom-derive v0.1.7
    Checking serde v1.0.229
    Checking zerofrom v0.1.8
   Compiling yoke-derive v0.8.2
    Checking yoke v0.8.3
   Compiling zerovec-derive v0.11.6
    Checking zerovec v0.11.8
   Compiling displaydoc v0.2.7
    Checking aws-smithy-types v1.6.3
    Checking aws-smithy-async v1.3.0
   Compiling aws-smithy-runtime-api-macros v1.1.0
    Checking aws-smithy-runtime-api v1.16.0
    Checking tinystr v0.8.4
    Checking icu_locale_core v2.3.0
    Checking getrandom v0.3.4
    Checking zerotrie v0.2.5
    Checking potential_utf v0.1.6
   Compiling thiserror-impl v2.0.20
    Checking icu_collections v2.3.0
    Checking thiserror v2.0.20
    Checking icu_provider v2.3.1
    Checking rand_core v0.9.5
    Checking rand_chacha v0.9.0
    Checking icu_normalizer v2.3.0
    Checking icu_properties v2.3.0
    Checking h2 v0.4.19
    Checking idna_adapter v1.2.2
    Checking rand v0.9.5
   Compiling cfg-if v1.0.4
   Compiling rustls v0.21.12
    Checking getrandom v0.4.3
    Checking idna v1.1.0
    Checking hyper v1.11.1
    Checking aws-smithy-schema v0.2.0
    Checking rustls-webpki v0.101.7
    Checking sct v0.7.1
    Checking rand_core v0.6.4
    Checking hyper-util v0.1.20
    Checking url v2.5.8
    Checking h2 v0.3.27
   Compiling secp256k1-sys v0.10.1
   Compiling thiserror-impl v1.0.69
    Checking socket2 v0.5.10
   Compiling itoa v1.0.18
   Compiling darling_core v0.20.11
   Compiling rustls v0.23.43
   Compiling http v1.5.0
    Checking hyper v0.14.32
    Checking thiserror v1.0.69
    Checking tokio-rustls v0.24.1
   Compiling rustls-webpki v0.103.15
    Checking tower v0.5.3
    Checking rand_chacha v0.3.1
    Checking aws-smithy-eventstream v0.61.2
   Compiling ureq-proto v0.6.1
   Compiling socks v0.3.4
    Checking aws-smithy-http v0.64.0
    Checking rand v0.8.8
    Checking hyper-rustls v0.24.2
   Compiling darling_macro v0.20.11
    Checking parking_lot_core v0.9.12
   Compiling string_cache_codegen v0.6.1
    Checking aws-credential-types v1.3.0
   Compiling ureq v3.4.0
   Compiling web_atoms v0.2.6
    Checking parking_lot v0.12.5
   Compiling darling v0.20.11
    Checking secp256k1 v0.30.0
    Checking bitcoin_hashes v1.2.0
    Checking rand v0.10.2
    Checking aws-smithy-observability v0.3.0
   Compiling onig_sys v69.9.3
    Checking aws-sigv4 v1.5.1
   Compiling ort-sys v2.0.0-rc.13
   Compiling libsqlite3-sys v0.36.0
    Checking nostr v0.45.4
    Checking string_cache v0.9.0
    Checking aws-types v1.6.0
   Compiling derive_builder_core v0.20.2
    Checking console v0.16.4
    Checking dirs-sys v0.5.0
    Checking aws-smithy-xml v0.62.0
   Compiling derive_builder_macro v0.20.2
   Compiling aws-lc-rs v1.18.1
    Checking aws-smithy-json v0.63.0
   Compiling monostate-impl v0.1.18
    Checking indicatif v0.18.6
    Checking tokio-rustls v0.26.5
    Checking tungstenite v0.28.0
    Checking hyper-rustls v0.27.9
    Checking aws-smithy-http-client v1.4.0
    Checking tokio-tungstenite v0.28.0
    Checking aws-smithy-runtime v1.14.0
    Checking spm_precompiled v0.1.4
    Checking compact_str v0.9.1
    Checking aws-smithy-query v0.62.0
    Checking monostate v0.1.18
    Checking ndarray-stats v0.6.0
    Checking linfa v0.8.1
    Checking markup5ever v0.39.0
    Checking aws-runtime v1.9.2
    Checking onig v6.5.3
    Checking derive_builder v0.20.2
    Checking ahash v0.8.12
    Checking dirs v6.0.0
    Checking tempfile v3.27.0
    Checking nostr-database v0.45.1
    Checking rand_distr v0.4.3
    Checking tungstenite v0.29.0
    Checking kdtree v0.7.0
    Checking tokio-socks v0.5.3
    Checking dary_heap v0.3.9
    Checking async-utility v0.3.2
    Checking futures-executor v0.3.34
    Checking tokio-happy-eyeballs v0.1.0
    Checking rusqlite v0.38.0
    Checking async-wsocket v0.17.0
    Checking axum-core v0.5.6
    Checking tokenizers v0.22.2
    Checking linfa-nn v0.8.1
    Checking futures v0.3.34
    Checking ort v2.0.0-rc.13
    Checking tokio-tungstenite v0.29.0
    Checking ndarray-rand v0.15.0
    Checking safetensors v0.8.0
    Checking hf-hub v0.5.0
    Checking aws-sdk-sts v1.114.0
    Checking html5ever v0.39.0
    Checking nostr-gossip v0.45.0
    Checking linfa-linalg v0.2.1
    Checking rand_xoshiro v0.6.0
    Checking serde_urlencoded v0.7.1
    Checking tokio-stream v0.1.19
    Checking nostr-sdk v0.45.2
    Checking aws-config v1.12.0
    Checking axum v0.8.9
    Checking minijinja v2.24.0
    Checking ammonia v4.1.4
    Checking linfa-clustering v0.8.1
    Checking fastembed v6.0.2
    Checking nostr-sqlite v0.45.1
    Checking aws-sdk-bedrockruntime v1.143.0
    Checking meatybroth v0.1.0 (/workspace/.worktrees/meatybroth-sla)
    Finished `dev` profile [unoptimized] target(s) in 1m 24s
