warning: unused config key `unstable.min-publish-age` in `/home/code/.cargo/config.toml`
   Compiling libc v0.2.189
   Compiling proc-macro2 v1.0.107
   Compiling unicode-ident v1.0.24
   Compiling quote v1.0.47
   Compiling syn v3.0.5
   Compiling syn v2.0.119
   Compiling jobserver v0.1.35
   Compiling find-msvc-tools v0.1.12
   Compiling shlex v2.0.1
   Compiling cc v1.4.5
   Compiling cfg-if v1.0.4
   Compiling itoa v1.0.18
   Compiling bytes v1.12.1
   Compiling memchr v2.8.3
   Compiling pin-project-lite v0.2.17
   Compiling log v0.4.34
   Compiling futures-core v0.3.34
   Compiling once_cell v1.21.4
   Compiling errno v0.3.14
   Compiling signal-hook-registry v1.4.8
   Compiling tokio-macros v2.7.2
   Compiling socket2 v0.6.5
   Compiling mio v1.2.3
   Compiling futures-sink v0.3.34
   Compiling tokio v1.53.1
   Compiling ring v0.17.14
   Compiling slab v0.4.12
   Compiling futures-channel v0.3.34
   Compiling http v1.5.0
   Compiling futures-macro v0.3.34
   Compiling futures-io v0.3.34
   Compiling smallvec v1.16.0
   Compiling futures-task v0.3.34
   Compiling pkg-config v0.3.34
   Compiling futures-util v0.3.34
   Compiling zeroize v1.9.0
   Compiling serde_core v1.0.229
   Compiling autocfg v1.5.1
   Compiling tokio-util v0.7.19
   Compiling tracing-core v0.1.36
   Compiling tracing-attributes v0.1.31
   Compiling fnv v1.0.7
   Compiling either v1.18.0
   Compiling tracing v0.1.44
   Compiling num-traits v0.2.19
   Compiling percent-encoding v2.3.2
   Compiling http-body v1.1.0
   Compiling synstructure v0.13.2
   Compiling serde v1.0.229
   Compiling cmake v0.1.58
   Compiling getrandom v0.2.17
   Compiling serde_derive v1.0.229
   Compiling dunce v1.0.5
   Compiling stable_deref_trait v1.2.1
   Compiling untrusted v0.9.0
   Compiling ryu v1.0.23
   Compiling fs_extra v1.3.0
   Compiling aws-lc-sys v0.45.0
   Compiling zerofrom-derive v0.1.7
   Compiling http v0.2.12
   Compiling httparse v1.10.1
   Compiling zerofrom v0.1.8
   Compiling yoke-derive v0.8.2
   Compiling num-integer v0.1.47
   Compiling equivalent v1.0.2
   Compiling typenum v1.20.1
   Compiling yoke v0.8.3
   Compiling http-body v0.4.6
   Compiling http-body-util v0.1.5
   Compiling rustls-pki-types v1.15.1
   Compiling aws-lc-rs v1.18.1
   Compiling zerovec-derive v0.11.6
   Compiling time-core v0.1.9
   Compiling num-conv v0.2.2
   Compiling vsimd v0.8.0
   Compiling powerfmt v0.2.0
   Compiling outref v0.5.2
   Compiling deranged v0.5.8
   Compiling time v0.3.55
   Compiling base64-simd v0.8.0
   Compiling zerovec v0.11.8
   Compiling bytes-utils v0.1.4
   Compiling displaydoc v0.2.7
   Compiling pin-utils v0.1.0
   Compiling aws-smithy-types v1.6.3
   Compiling rustls v0.23.43
   Compiling version_check v0.9.5
   Compiling aws-smithy-async v1.3.0
   Compiling aws-smithy-runtime-api-macros v1.1.0
   Compiling subtle v2.6.1
   Compiling aws-smithy-runtime-api v1.16.0
   Compiling tinystr v0.8.4
   Compiling form_urlencoded v1.2.2
   Compiling hashbrown v0.17.1
   Compiling zmij v1.0.23
   Compiling writeable v0.6.4
   Compiling litemap v0.8.3
   Compiling icu_locale_core v2.3.0
   Compiling indexmap v2.14.2
   Compiling zerotrie v0.2.5
   Compiling potential_utf v0.1.6
   Compiling icu_normalizer_data v2.3.0
   Compiling serde_json v1.0.151
   Compiling utf8_iter v1.0.4
   Compiling icu_properties_data v2.3.0
   Compiling crc32fast v1.5.1
   Compiling icu_collections v2.3.0
   Compiling icu_provider v2.3.1
   Compiling try-lock v0.2.5
   Compiling tower-service v0.3.3
   Compiling zerocopy v0.8.56
   Compiling getrandom v0.3.4
   Compiling want v0.3.1
   Compiling httpdate v1.0.3
   Compiling byteorder v1.5.0
   Compiling icu_properties v2.3.0
   Compiling icu_normalizer v2.3.0
   Compiling generic-array v0.14.7
   Compiling atomic-waker v1.1.2
   Compiling getrandom v0.4.3
   Compiling h2 v0.4.19
   Compiling idna_adapter v1.2.2
   Compiling hybrid-array v0.4.14
   Compiling rustls v0.21.12
   Compiling siphasher v1.0.3
   Compiling rustversion v1.0.23
   Compiling rand_core v0.10.1
   Compiling phf_shared v0.13.1
   Compiling idna v1.1.0
   Compiling hyper v1.11.1
   Compiling rand_core v0.9.5
   Compiling ppv-lite86 v0.2.21
   Compiling aws-smithy-schema v0.2.0
   Compiling sct v0.7.1
   Compiling rustls-webpki v0.101.7
   Compiling bitflags v2.13.1
   Compiling sync_wrapper v1.0.2
   Compiling fastrand v2.5.0
   Compiling base64 v0.22.1
   Compiling bitcoin-internals v0.6.0
   Compiling tower-layer v0.3.3
   Compiling ipnet v2.12.1
   Compiling thiserror v2.0.20
   Compiling cmov v0.5.4
   Compiling ctutils v0.4.2
   Compiling hyper-util v0.1.20
   Compiling phf_generator v0.13.1
   Compiling rand_chacha v0.9.0
   Compiling url v2.5.8
   Compiling crypto-common v0.2.2
   Compiling block-buffer v0.12.1
   Compiling h2 v0.3.27
   Compiling secp256k1-sys v0.10.1
   Compiling thiserror-impl v2.0.20
   Compiling socket2 v0.5.10
   Compiling darling_core v0.20.11
   Compiling rustls-webpki v0.103.15
   Compiling rustls-native-certs v0.8.4
   Compiling digest v0.11.3
   Compiling hyper v0.14.32
   Compiling tokio-rustls v0.26.5
   Compiling rand v0.9.5
   Compiling tokio-rustls v0.24.1
   Compiling tower v0.5.3
   Compiling crypto-common v0.1.7
   Compiling block-buffer v0.10.4
   Compiling hash32 v0.3.1
   Compiling aws-smithy-eventstream v0.61.2
   Compiling webpki-roots v1.0.9
   Compiling socks v0.3.4
   Compiling ureq-proto v0.6.1
   Compiling aws-smithy-http v0.64.0
   Compiling heapless v0.8.0
   Compiling digest v0.10.7
   Compiling bitcoin-consensus-encoding v1.2.0
   Compiling hyper-rustls v0.24.2
   Compiling hyper-rustls v0.27.9
   Compiling parking_lot_core v0.9.12
   Compiling darling_macro v0.20.11
   Compiling phf_codegen v0.13.1
   Compiling string_cache_codegen v0.6.1
   Compiling aws-credential-types v1.3.0
   Compiling ureq v3.4.0
   Compiling sha2 v0.11.0
   Compiling hashbrown v0.16.1
   Compiling web_atoms v0.2.6
   Compiling darling v0.20.11
   Compiling parking_lot v0.12.5
   Compiling aws-smithy-http-client v1.4.0
   Compiling secp256k1 v0.30.0
   Compiling bitcoin_hashes v1.2.0
   Compiling faster-hex v0.10.0
   Compiling hmac v0.13.0
   Compiling rand v0.10.2
   Compiling aws-smithy-observability v0.3.0
   Compiling matrixmultiply v0.3.11
   Compiling onig_sys v69.9.3
   Compiling string_cache v0.9.0
   Compiling ort-sys v2.0.0-rc.13
   Compiling nostr v0.45.4
   Compiling libsqlite3-sys v0.36.0
   Compiling aws-sigv4 v1.5.1
   Compiling aws-smithy-runtime v1.14.0
   Compiling aws-types v1.6.0
   Compiling derive_builder_core v0.20.2
   Compiling sha1 v0.10.7
   Compiling ahash v0.8.12
   Compiling aho-corasick v1.1.5
   Compiling thiserror-impl v1.0.69
   Compiling console v0.16.4
   Compiling rustix v1.1.4
   Compiling tungstenite v0.28.0
   Compiling aws-runtime v1.9.2
   Compiling dirs-sys v0.5.0
   Compiling regex-automata v0.4.18
   Compiling nom v7.1.3
   Compiling aws-smithy-xml v0.62.0
   Compiling thiserror v1.0.69
   Compiling derive_builder_macro v0.20.2
   Compiling rayon v1.12.0
   Compiling flate2 v1.1.10
   Compiling webpki-roots v0.26.11
   Compiling castaway v0.2.4
   Compiling arc-swap v1.9.2
   Compiling aws-smithy-json v0.63.0
   Compiling num-complex v0.4.6
   Compiling itertools v0.14.0
   Compiling monostate-impl v0.1.18
   Compiling compact_str v0.9.1
   Compiling spm_precompiled v0.1.4
   Compiling aws-smithy-query v0.62.0
   Compiling indicatif v0.18.6
   Compiling monostate v0.1.18
   Compiling rayon-cond v0.4.0
   Compiling ndarray v0.17.2
   Compiling tokio-tungstenite v0.28.0
   Compiling markup5ever v0.39.0
   Compiling onig v6.5.3
   Compiling derive_builder v0.20.2
   Compiling tokio-socks v0.5.3
   Compiling regex v1.13.1
   Compiling dirs v6.0.0
   Compiling tempfile v3.27.0
   Compiling nostr-database v0.45.1
   Compiling hashlink v0.11.1
   Compiling dary_heap v0.3.9
   Compiling futures-executor v0.3.34
   Compiling async-utility v0.3.2
   Compiling tokio-happy-eyeballs v0.1.0
   Compiling unicode-normalization-alignments v0.1.12
   Compiling tokenizers v0.22.2
   Compiling rusqlite v0.38.0
   Compiling axum-core v0.5.6
   Compiling async-wsocket v0.17.0
   Compiling futures v0.3.34
   Compiling safetensors v0.8.0
   Compiling hf-hub v0.5.0
   Compiling ort v2.0.0-rc.13
   Compiling html5ever v0.39.0
   Compiling aws-sdk-sts v1.114.0
   Compiling cssparser v0.37.0
   Compiling nostr-gossip v0.45.0
   Compiling serde_urlencoded v0.7.1
   Compiling tokio-stream v0.1.19
   Compiling serde_path_to_error v0.1.20
   Compiling ammonia v4.1.4
   Compiling minijinja v2.24.0
   Compiling pulldown-cmark v0.13.4
   Compiling axum v0.8.9
   Compiling nostr-sdk v0.45.2
   Compiling chrono v0.4.45
   Compiling aws-config v1.12.0
   Compiling fastembed v6.0.2
   Compiling nostr-sqlite v0.45.1
   Compiling aws-sdk-bedrockruntime v1.143.0
   Compiling sha2 v0.10.9
   Compiling linkify v0.10.0
   Compiling meatybroth v0.1.0 (/workspace/.worktrees/meatybroth-sla)
    Finished `release` profile [optimized] target(s) in 5m 21s
