warning: unused config key `unstable.min-publish-age` in `/home/code/.cargo/config.toml`
   Compiling libc v0.2.189
   Compiling proc-macro2 v1.0.107
   Compiling quote v1.0.47
   Compiling unicode-ident v1.0.24
   Compiling syn v3.0.5
   Compiling syn v2.0.119
   Compiling cfg-if v1.0.4
   Compiling shlex v2.0.1
   Compiling jobserver v0.1.35
   Compiling find-msvc-tools v0.1.12
   Compiling cc v1.4.5
   Compiling itoa v1.0.18
   Compiling bytes v1.12.1
   Compiling memchr v2.8.3
   Compiling pin-project-lite v0.2.17
   Compiling autocfg v1.5.1
   Compiling log v0.4.34
   Compiling futures-core v0.3.34
   Compiling once_cell v1.21.4
   Compiling errno v0.3.14
   Compiling signal-hook-registry v1.4.8
   Compiling tokio-macros v2.7.2
   Compiling socket2 v0.6.5
   Compiling mio v1.2.3
   Compiling libm v0.2.16
   Compiling futures-sink v0.3.34
   Compiling tokio v1.53.1
   Compiling num-traits v0.2.19
   Compiling ring v0.17.14
   Compiling futures-channel v0.3.34
   Compiling http v1.5.0
   Compiling getrandom v0.2.17
   Compiling futures-macro v0.3.34
   Compiling futures-util v0.3.34
   Compiling num-integer v0.1.47
   Compiling tokio-util v0.7.19
   Compiling tracing-core v0.1.36
   Compiling tracing-attributes v0.1.31
   Compiling tracing v0.1.44
   Compiling http-body v1.1.0
   Compiling synstructure v0.13.2
   Compiling cmake v0.1.58
   Compiling serde_derive v1.0.229
   Compiling aws-lc-sys v0.45.0
   Compiling serde v1.0.229
   Compiling zerofrom-derive v0.1.7
   Compiling http v0.2.12
   Compiling zerofrom v0.1.8
   Compiling yoke-derive v0.8.2
   Compiling yoke v0.8.3
   Compiling http-body v0.4.6
   Compiling http-body-util v0.1.5
   Compiling zerovec-derive v0.11.6
   Compiling zerovec v0.11.8
   Compiling bytes-utils v0.1.4
   Compiling displaydoc v0.2.7
   Compiling aws-smithy-types v1.6.3
   Compiling aws-smithy-async v1.3.0
   Compiling aws-smithy-runtime-api-macros v1.1.0
   Compiling aws-smithy-runtime-api v1.16.0
   Compiling tinystr v0.8.4
   Compiling icu_locale_core v2.3.0
   Compiling zerotrie v0.2.5
   Compiling potential_utf v0.1.6
   Compiling icu_collections v2.3.0
   Compiling icu_provider v2.3.1
   Compiling matrixmultiply v0.3.11
   Compiling serde_json v1.0.151
   Compiling crc32fast v1.5.1
   Compiling icu_normalizer v2.3.0
   Compiling icu_properties v2.3.0
   Compiling getrandom v0.3.4
   Compiling num-complex v0.4.6
   Compiling thiserror-impl v2.0.20
   Compiling h2 v0.4.19
   Compiling thiserror v2.0.20
   Compiling idna_adapter v1.2.2
   Compiling getrandom v0.4.3
   Compiling rustls v0.21.12
   Compiling idna v1.1.0
   Compiling hyper v1.11.1
   Compiling rand_core v0.9.5
   Compiling aws-smithy-schema v0.2.0
   Compiling rustls-webpki v0.101.7
   Compiling sct v0.7.1
   Compiling rand_core v0.6.4
   Compiling hyper-util v0.1.20
   Compiling rand_chacha v0.9.0
   Compiling url v2.5.8
   Compiling h2 v0.3.27
   Compiling approx v0.5.1
   Compiling secp256k1-sys v0.10.1
   Compiling thiserror-impl v1.0.69
   Compiling socket2 v0.5.10
   Compiling darling_core v0.20.11
   Compiling rustls v0.23.43
   Compiling hyper v0.14.32
   Compiling thiserror v1.0.69
   Compiling ndarray v0.16.1
   Compiling aws-lc-rs v1.18.1
   Compiling rustls-webpki v0.103.15
   Compiling rand v0.9.5
   Compiling tokio-rustls v0.24.1
   Compiling tower v0.5.3
   Compiling rand_chacha v0.3.1
   Compiling aws-smithy-eventstream v0.61.2
   Compiling tokio-rustls v0.26.5
   Compiling hyper-rustls v0.27.9
   Compiling socks v0.3.4
   Compiling aws-smithy-http v0.64.0
   Compiling rand v0.8.8
   Compiling hyper-rustls v0.24.2
   Compiling darling_macro v0.20.11
   Compiling parking_lot_core v0.9.12
   Compiling string_cache_codegen v0.6.1
   Compiling aws-credential-types v1.3.0
   Compiling ureq v3.4.0
   Compiling sha2 v0.11.0
   Compiling web_atoms v0.2.6
   Compiling parking_lot v0.12.5
   Compiling darling v0.20.11
   Compiling secp256k1 v0.30.0
   Compiling aws-smithy-http-client v1.4.0
   Compiling bitcoin_hashes v1.2.0
   Compiling rand v0.10.2
   Compiling aws-smithy-observability v0.3.0
   Compiling onig_sys v69.9.3
   Compiling aws-sigv4 v1.5.1
   Compiling ort-sys v2.0.0-rc.13
   Compiling nostr v0.45.4
   Compiling string_cache v0.9.0
   Compiling libsqlite3-sys v0.36.0
   Compiling aws-smithy-runtime v1.14.0
   Compiling aws-types v1.6.0
   Compiling derive_builder_core v0.20.2
   Compiling sha1 v0.10.7
   Compiling aho-corasick v1.1.5
   Compiling tungstenite v0.28.0
   Compiling regex-automata v0.4.18
   Compiling aws-runtime v1.9.2
   Compiling aws-smithy-xml v0.62.0
   Compiling nom v7.1.3
   Compiling console v0.16.4
   Compiling ureq-proto v0.6.1
   Compiling dirs-sys v0.5.0
   Compiling derive_builder_macro v0.20.2
   Compiling flate2 v1.1.10
   Compiling sprs v0.11.2
   Compiling aws-smithy-json v0.63.0
   Compiling noisy_float v0.2.1
   Compiling monostate-impl v0.1.18
   Compiling spm_precompiled v0.1.4
   Compiling compact_str v0.9.1
   Compiling aws-smithy-query v0.62.0
   Compiling indicatif v0.18.6
   Compiling monostate v0.1.18
   Compiling ndarray-stats v0.6.0
   Compiling linfa v0.8.1
   Compiling tokio-tungstenite v0.28.0
   Compiling markup5ever v0.39.0
   Compiling onig v6.5.3
   Compiling derive_builder v0.20.2
   Compiling ahash v0.8.12
   Compiling dirs v6.0.0
   Compiling tempfile v3.27.0
   Compiling regex v1.13.1
   Compiling nostr-database v0.45.1
   Compiling rand_distr v0.4.3
   Compiling kdtree v0.7.0
   Compiling tokio-socks v0.5.3
   Compiling ndarray v0.17.2
   Compiling dary_heap v0.3.9
   Compiling async-utility v0.3.2
   Compiling futures-executor v0.3.34
   Compiling tokio-happy-eyeballs v0.1.0
   Compiling axum-core v0.5.6
   Compiling tokenizers v0.22.2
   Compiling rusqlite v0.38.0
   Compiling linfa-nn v0.8.1
   Compiling async-wsocket v0.17.0
   Compiling futures v0.3.34
   Compiling ort v2.0.0-rc.13
   Compiling ndarray-rand v0.15.0
   Compiling safetensors v0.8.0
   Compiling hf-hub v0.5.0
   Compiling space v0.19.0
   Compiling html5ever v0.39.0
   Compiling cssparser v0.37.0
   Compiling aws-sdk-sts v1.114.0
   Compiling nostr-gossip v0.45.0
   Compiling linfa-linalg v0.2.1
   Compiling rand_xoshiro v0.6.0
   Compiling serde_urlencoded v0.7.1
   Compiling tokio-stream v0.1.19
   Compiling serde_path_to_error v0.1.20
   Compiling nostr-sdk v0.45.2
   Compiling pulldown-cmark v0.13.4
   Compiling ammonia v4.1.4
   Compiling chrono v0.4.45
   Compiling minijinja v2.24.0
   Compiling axum v0.8.9
   Compiling linfa-clustering v0.8.1
   Compiling aws-config v1.12.0
   Compiling fastembed v6.0.2
   Compiling nostr-sqlite v0.45.1
   Compiling aws-sdk-bedrockruntime v1.143.0
   Compiling sha2 v0.10.9
   Compiling linkify v0.10.0
   Compiling meatybroth v0.1.0 (/workspace/.worktrees/meatybroth-sla)
    Finished `release` profile [optimized] target(s) in 5m 23s
