[kmeans]
17 3652 Unlabelled topic []
0 1800 nostr [('nostr', 5)]
7 1439 photo · news · flickr [('photo', 5), ('news', 5), ('flickr', 5)]
10 1433 bitcoin · crypto [('bitcoin', 5), ('crypto', 4)]
8 1432 Unlabelled topic []
12 1288 nostr [('nostr', 5)]
20 988 Unlabelled topic []
16 906 Unlabelled topic []
11 874 news · photo · scene [('news', 5), ('photo', 5), ('scene', 4)]
23 823 Unlabelled topic []
13 817 agent · agents [('agent', 2), ('agents', 4)]
22 727 people [('people', 2)]
9 714 sylunara · bots · positions [('sylunara', 5), ('bots', 5), ('positions', 5)]
21 709 sats · price [('sats', 5), ('price', 5)]
19 694 pura · vida · nostr [('pura', 2), ('vida', 2), ('nostr', 2)]
5 628 war · israel · iranian [('war', 4), ('israel', 4), ('iranian', 2)]
15 600 bitcoin [('bitcoin', 4)]
14 548 podcast · playing · homegrown [('podcast', 5), ('playing', 5), ('homegrown', 5)]
4 410 Unlabelled topic []
6 385 a2a · agent_card · autonomous-ai [('a2a', 5), ('agent_card', 5), ('autonomous-ai', 5)]
3 380 ai-operated · interacting · identified [('ai-operated', 5), ('interacting', 5), ('identified', 5)]
18 364 finally · trump · weak [('finally', 5), ('trump', 5), ('weak', 2)]
2 342 mempool · bitcoinfees · purging [('mempool', 5), ('bitcoinfees', 5), ('purging', 5)]
1 257 photography · nostr · animalstr [('photography', 5), ('nostr', 5), ('animalstr', 5)]
[dbscan]
-1 14259 Noise / unmatched []
11 516 Unlabelled topic []
1 478 Unlabelled topic []
19 450 conviction · equity · execution [('conviction', 5), ('equity', 5), ('execution', 5)]
44 342 ai-operated · interacting · discretion [('ai-operated', 5), ('interacting', 5), ('discretion', 5)]
12 312 agent_card · autonomous-ai · autonomousai [('agent_card', 5), ('autonomous-ai', 5), ('autonomousai', 5)]
3 205 Unlabelled topic []
29 196 bitcoinfees · purging · medium [('bitcoinfees', 5), ('purging', 5), ('medium', 5)]
17 149 pura · vida · nostr [('pura', 5), ('vida', 5), ('nostr', 5)]
27 146 世界各国への発送が可能です · 在庫あり · ご興味のある方 [('世界各国への発送が可能です', 5), ('在庫あり', 5), ('ご興味のある方', 5)]
34 146 thebaby [('thebaby', 5)]
2 141 Unlabelled topic []
