# Model timing while active background embedding and fixed Meaning requests
MiniLM timing op=embed bytes=121 wait_ms=0 inference_ms=5
MiniLM timing op=split bytes=441 wait_ms=0 inference_ms=4
MiniLM timing op=embed bytes=441 wait_ms=0 inference_ms=14
MiniLM timing op=split bytes=65 wait_ms=0 inference_ms=3
MiniLM timing op=embed bytes=65 wait_ms=0 inference_ms=5
MiniLM timing op=split bytes=441 wait_ms=0 inference_ms=3
MiniLM timing op=embed bytes=441 wait_ms=0 inference_ms=15
MiniLM timing op=split bytes=100 wait_ms=0 inference_ms=2
MiniLM timing op=embed bytes=100 wait_ms=0 inference_ms=11
MiniLM timing op=split bytes=191 wait_ms=0 inference_ms=3
MiniLM timing op=embed bytes=191 wait_ms=0 inference_ms=11
MiniLM timing op=split bytes=56 wait_ms=0 inference_ms=6
MiniLM timing op=embed bytes=56 wait_ms=0 inference_ms=5
MiniLM timing op=split bytes=204 wait_ms=0 inference_ms=4
MiniLM timing op=embed bytes=204 wait_ms=0 inference_ms=12
MiniLM timing op=split bytes=293 wait_ms=0 inference_ms=2
MiniLM timing op=embed bytes=293 wait_ms=0 inference_ms=15
MiniLM timing op=embed bytes=40 wait_ms=0 inference_ms=5
MiniLM timing op=embed bytes=40 wait_ms=12 inference_ms=5
MiniLM timing op=embed bytes=40 wait_ms=25 inference_ms=3
MiniLM timing op=embed bytes=40 wait_ms=38 inference_ms=3
MiniLM timing op=embed bytes=40 wait_ms=46 inference_ms=4
MiniLM timing op=split bytes=143 wait_ms=0 inference_ms=2
MiniLM timing op=embed bytes=143 wait_ms=0 inference_ms=8
MiniLM timing op=split bytes=442 wait_ms=0 inference_ms=3
MiniLM timing op=embed bytes=442 wait_ms=0 inference_ms=14
MiniLM timing op=split bytes=666 wait_ms=0 inference_ms=2
MiniLM timing op=embed bytes=666 wait_ms=0 inference_ms=44
MiniLM timing op=split bytes=447 wait_ms=0 inference_ms=4
MiniLM timing op=embed bytes=380 wait_ms=0 inference_ms=64
MiniLM timing op=embed bytes=67 wait_ms=0 inference_ms=10
MiniLM timing op=split bytes=111 wait_ms=0 inference_ms=3
MiniLM timing op=embed bytes=111 wait_ms=0 inference_ms=9
MiniLM timing op=split bytes=100 wait_ms=0 inference_ms=2
MiniLM timing op=embed bytes=100 wait_ms=0 inference_ms=10
MiniLM timing op=split bytes=652 wait_ms=0 inference_ms=2
MiniLM timing op=embed bytes=652 wait_ms=0 inference_ms=27
MiniLM timing op=split bytes=252 wait_ms=0 inference_ms=4
MiniLM timing op=embed bytes=252 wait_ms=0 inference_ms=15
MiniLM timing op=embed bytes=40 wait_ms=0 inference_ms=3
MiniLM timing op=embed bytes=40 wait_ms=11 inference_ms=3
MiniLM timing op=embed bytes=40 wait_ms=21 inference_ms=3
MiniLM timing op=embed bytes=40 wait_ms=33 inference_ms=3
MiniLM timing op=embed bytes=40 wait_ms=47 inference_ms=4
MiniLM timing op=split bytes=159 wait_ms=0 inference_ms=2
MiniLM timing op=embed bytes=159 wait_ms=0 inference_ms=7
MiniLM timing op=split bytes=200 wait_ms=0 inference_ms=3
MiniLM timing op=embed bytes=200 wait_ms=0 inference_ms=11
MiniLM timing op=split bytes=36 wait_ms=0 inference_ms=2
MiniLM timing op=embed bytes=36 wait_ms=0 inference_ms=5
MiniLM timing op=split bytes=88 wait_ms=0 inference_ms=5
MiniLM timing op=embed bytes=88 wait_ms=0 inference_ms=7
MiniLM timing op=embed bytes=40 wait_ms=0 inference_ms=7
MiniLM timing op=embed bytes=40 wait_ms=16 inference_ms=10
MiniLM timing op=embed bytes=40 wait_ms=27 inference_ms=11
MiniLM timing op=embed bytes=40 wait_ms=56 inference_ms=7
MiniLM timing op=embed bytes=40 wait_ms=73 inference_ms=5
MiniLM timing op=embed bytes=40 wait_ms=0 inference_ms=6
MiniLM timing op=embed bytes=40 wait_ms=13 inference_ms=5
MiniLM timing op=embed bytes=40 wait_ms=9 inference_ms=6
MiniLM timing op=embed bytes=40 wait_ms=23 inference_ms=7
MiniLM timing op=embed bytes=40 wait_ms=40 inference_ms=10
MiniLM timing op=split bytes=96 wait_ms=0 inference_ms=5
MiniLM timing op=embed bytes=96 wait_ms=0 inference_ms=8
MiniLM timing op=split bytes=153 wait_ms=0 inference_ms=2
MiniLM timing op=embed bytes=153 wait_ms=0 inference_ms=9
MiniLM timing op=split bytes=441 wait_ms=0 inference_ms=4
MiniLM timing op=embed bytes=441 wait_ms=0 inference_ms=9
MiniLM timing op=split bytes=153 wait_ms=0 inference_ms=2
MiniLM timing op=embed bytes=153 wait_ms=0 inference_ms=8
MiniLM timing op=split bytes=94 wait_ms=0 inference_ms=2
MiniLM timing op=embed bytes=94 wait_ms=0 inference_ms=11
MiniLM timing op=split bytes=153 wait_ms=0 inference_ms=3
MiniLM timing op=embed bytes=153 wait_ms=0 inference_ms=13
MiniLM timing op=split bytes=153 wait_ms=0 inference_ms=2
MiniLM timing op=embed bytes=153 wait_ms=0 inference_ms=17
MiniLM timing op=split bytes=21 wait_ms=0 inference_ms=2
MiniLM timing op=embed bytes=21 wait_ms=0 inference_ms=8
MiniLM timing op=split bytes=61 wait_ms=0 inference_ms=2
MiniLM timing op=embed bytes=61 wait_ms=0 inference_ms=5
MiniLM timing op=split bytes=268 wait_ms=0 inference_ms=8
MiniLM timing op=embed bytes=268 wait_ms=0 inference_ms=8
MiniLM timing op=split bytes=42 wait_ms=0 inference_ms=2
MiniLM timing op=embed bytes=42 wait_ms=0 inference_ms=13
MiniLM timing op=split bytes=84 wait_ms=0 inference_ms=3
MiniLM timing op=embed bytes=84 wait_ms=0 inference_ms=7
MiniLM timing op=split bytes=193 wait_ms=0 inference_ms=2
MiniLM timing op=embed bytes=193 wait_ms=0 inference_ms=12
MiniLM timing op=split bytes=18 wait_ms=0 inference_ms=3
MiniLM timing op=embed bytes=18 wait_ms=0 inference_ms=5
MiniLM timing op=split bytes=1064 wait_ms=0 inference_ms=13
MiniLM timing op=embed bytes=1063 wait_ms=0 inference_ms=219
MiniLM timing op=embed bytes=1 wait_ms=0 inference_ms=24
MiniLM timing op=split bytes=492 wait_ms=0 inference_ms=8
MiniLM timing op=embed bytes=492 wait_ms=0 inference_ms=84
MiniLM timing op=split bytes=181 wait_ms=0 inference_ms=18
MiniLM timing op=embed bytes=181 wait_ms=0 inference_ms=90
MiniLM timing op=split bytes=317 wait_ms=0 inference_ms=9
MiniLM timing op=embed bytes=317 wait_ms=0 inference_ms=71
MiniLM timing op=split bytes=154 wait_ms=0 inference_ms=9
MiniLM timing op=embed bytes=154 wait_ms=0 inference_ms=79
MiniLM timing op=split bytes=100 wait_ms=0 inference_ms=14
MiniLM timing op=embed bytes=100 wait_ms=0 inference_ms=60
MiniLM timing op=split bytes=1583 wait_ms=0 inference_ms=31
MiniLM timing op=embed bytes=616 wait_ms=0 inference_ms=94
MiniLM timing op=embed bytes=557 wait_ms=0 inference_ms=131
MiniLM timing op=embed bytes=410 wait_ms=0 inference_ms=87
MiniLM timing op=split bytes=738 wait_ms=0 inference_ms=18
MiniLM timing op=embed bytes=588 wait_ms=0 inference_ms=27
MiniLM timing op=embed bytes=150 wait_ms=0 inference_ms=36
MiniLM timing op=split bytes=221 wait_ms=0 inference_ms=3
MiniLM timing op=embed bytes=221 wait_ms=0 inference_ms=9
MiniLM timing op=split bytes=225 wait_ms=0 inference_ms=7
MiniLM timing op=embed bytes=225 wait_ms=0 inference_ms=55
MiniLM timing op=split bytes=231 wait_ms=0 inference_ms=3
MiniLM timing op=embed bytes=231 wait_ms=0 inference_ms=65
MiniLM timing op=split bytes=181 wait_ms=0 inference_ms=43
MiniLM timing op=embed bytes=181 wait_ms=0 inference_ms=15
MiniLM timing op=split bytes=273 wait_ms=0 inference_ms=17
MiniLM timing op=embed bytes=273 wait_ms=0 inference_ms=91
MiniLM timing op=split bytes=143 wait_ms=0 inference_ms=4
MiniLM timing op=embed bytes=143 wait_ms=0 inference_ms=26
MiniLM timing op=split bytes=281 wait_ms=0 inference_ms=2
MiniLM timing op=embed bytes=281 wait_ms=0 inference_ms=14
MiniLM timing op=split bytes=299 wait_ms=0 inference_ms=3
MiniLM timing op=embed bytes=299 wait_ms=0 inference_ms=10
MiniLM timing op=split bytes=237 wait_ms=0 inference_ms=2
MiniLM timing op=embed bytes=237 wait_ms=0 inference_ms=10
MiniLM timing op=split bytes=303 wait_ms=0 inference_ms=2
MiniLM timing op=embed bytes=303 wait_ms=0 inference_ms=9
MiniLM timing op=split bytes=155 wait_ms=0 inference_ms=3
MiniLM timing op=embed bytes=155 wait_ms=0 inference_ms=8
MiniLM timing op=split bytes=200 wait_ms=0 inference_ms=2
MiniLM timing op=embed bytes=200 wait_ms=0 inference_ms=15
MiniLM timing op=split bytes=200 wait_ms=0 inference_ms=4
MiniLM timing op=embed bytes=200 wait_ms=0 inference_ms=11
MiniLM timing op=embed bytes=40 wait_ms=0 inference_ms=6
MiniLM timing op=split bytes=913 wait_ms=0 inference_ms=4
MiniLM timing op=embed bytes=913 wait_ms=0 inference_ms=22
MiniLM timing op=split bytes=2265 wait_ms=0 inference_ms=3
MiniLM timing op=embed bytes=566 wait_ms=0 inference_ms=19
MiniLM timing op=embed bytes=559 wait_ms=0 inference_ms=24
MiniLM timing op=embed bytes=563 wait_ms=0 inference_ms=31
MiniLM timing op=embed bytes=421 wait_ms=0 inference_ms=29
MiniLM timing op=embed bytes=40 wait_ms=0 inference_ms=4
MiniLM timing op=embed bytes=156 wait_ms=0 inference_ms=10
MiniLM timing op=split bytes=21 wait_ms=0 inference_ms=4
MiniLM timing op=embed bytes=21 wait_ms=0 inference_ms=8
MiniLM timing op=split bytes=137 wait_ms=0 inference_ms=3
MiniLM timing op=embed bytes=137 wait_ms=0 inference_ms=7
MiniLM timing op=split bytes=53 wait_ms=0 inference_ms=2
MiniLM timing op=embed bytes=40 wait_ms=0 inference_ms=4
MiniLM timing op=embed bytes=53 wait_ms=0 inference_ms=4
MiniLM timing op=embed bytes=40 wait_ms=0 inference_ms=3
MiniLM timing op=embed bytes=40 wait_ms=0 inference_ms=4
MiniLM timing op=embed bytes=40 wait_ms=0 inference_ms=4
MiniLM timing op=embed bytes=40 wait_ms=0 inference_ms=4
MiniLM timing op=embed bytes=40 wait_ms=0 inference_ms=3
MiniLM timing op=embed bytes=40 wait_ms=0 inference_ms=4
MiniLM timing op=embed bytes=40 wait_ms=0 inference_ms=4
# Completed slow semantic phase timings
Slow semantic backend=minilm query_ms=13 nearest_ms=1157 lookup_ms=189
Slow semantic backend=minilm query_ms=73 nearest_ms=5073 lookup_ms=6236
Slow semantic backend=minilm query_ms=11 nearest_ms=17185 lookup_ms=6219
Slow semantic backend=minilm query_ms=59 nearest_ms=17145 lookup_ms=6214
Slow semantic backend=minilm query_ms=16 nearest_ms=5166 lookup_ms=6224
Slow semantic backend=minilm query_ms=33 nearest_ms=17170 lookup_ms=6241
Slow semantic backend=minilm query_ms=21 nearest_ms=17146 lookup_ms=6284
Slow semantic backend=minilm query_ms=12 nearest_ms=29182 lookup_ms=6275
Slow semantic backend=minilm query_ms=57 nearest_ms=5100 lookup_ms=6273
Slow semantic backend=minilm query_ms=58 nearest_ms=29162 lookup_ms=6259
Slow semantic backend=minilm query_ms=26 nearest_ms=29190 lookup_ms=6286
Slow semantic backend=minilm query_ms=46 nearest_ms=29163 lookup_ms=6298
Slow semantic backend=minilm query_ms=38 nearest_ms=29179 lookup_ms=6301
Slow semantic backend=minilm query_ms=88 nearest_ms=5084 lookup_ms=6304
Slow semantic backend=minilm query_ms=47 nearest_ms=17155 lookup_ms=6306
Slow semantic backend=minilm query_ms=35 nearest_ms=5145 lookup_ms=6598
Slow semantic backend=minilm query_ms=29 nearest_ms=1269 lookup_ms=2017
Slow semantic backend=minilm query_ms=43 nearest_ms=1243 lookup_ms=2074
Slow semantic backend=minilm query_ms=63 nearest_ms=1194 lookup_ms=2101
Slow semantic backend=minilm query_ms=27 nearest_ms=1231 lookup_ms=2116
Slow semantic backend=minilm query_ms=17 nearest_ms=1288 lookup_ms=2097
Slow semantic backend=minilm query_ms=11 nearest_ms=5550 lookup_ms=471
Slow semantic backend=minilm query_ms=11 nearest_ms=3096 lookup_ms=1021
Slow semantic backend=minilm query_ms=13 nearest_ms=2896 lookup_ms=284
Slow semantic backend=minilm query_ms=9 nearest_ms=1238 lookup_ms=167
Slow semantic backend=minilm query_ms=10 nearest_ms=2949 lookup_ms=449
Slow semantic backend=minilm query_ms=10 nearest_ms=896 lookup_ms=537
Slow semantic backend=minilm query_ms=10 nearest_ms=2590 lookup_ms=588
model_timing_samples=160 max_wait_ms=73 mean_wait_ms=3.0625
