event_id                                                          baseline_label             unique_label            sample
----------------------------------------------------------------  -------------------------  ----------------------  --------------------------------------------------------------------------------------------------------------------------------------------
251ebecf6e2ca3c0adcd2db5d45d22eec2d9ef395d2c9a420daa6b7975fd20c9  bitcoin · price · sats     bitcoin · price · sats  Bitcoin price: $77251, Sats per USD: 1294
b00b76187022727b5a95627d0dc9b6fe90bc3ca6f0c265d670137915160eca1e  trading · bots · sylunara  trading · bots · live   Seeing your calls — you've posted 2 directional signals. We're reading every one.  Your latest: ETH EXIT. It's in our conviction map now. We
df50ece794ec92f3a57ae1baeed6dd92ab8fa61a9f0acb889706821119371a3d  bitcoin · price · sats     bitcoin · price · sats  👋 A new block was found on the #Bitcoin network. We're at block height 966853, current #bitcoin price is $77251.81 and there are 91606560190
8f038893daa69c0219f6a11ad9213a50362e2633ecb2faf3351a6f57880e36af  bitcoin · price · sats     bitcoin · price · sats  #Bitcoin Block Art by Blockstr! Height: 966853 Weight: 3994025 https://thebitcoinblockclock.com/blockstr/00000000000000000001daee3f013a87961
60036b0a417bdc9792220807f9ae6b67a896e0286caa663f228d01840289813a  trading · bots · sylunara  trading · bots · live   Seeing your calls — you've posted 2 directional signals. We're reading every one.  Your latest: BTC EXIT. It's in our conviction map now. We
61b046ce687dea291c0e66ac74ecc9d600bf8957db6b52bcb36eb97f0586c66d  trading · bots · sylunara  trading · bots · live   Seeing your calls — you've posted 2 directional signals. We're reading every one.  Your latest: BTC SHORT. It's in our conviction map now. W
7928dbd74fe561dad0a634863f19117de647f7aa292b9aa6100017e71661ee3d  bitcoin · price · sats     bitcoin · price · sats  📊 **Bitcoin-Update** - 💰 Price: $77056 - 📦 Blockheight: 966852 - ⌛ Mempool: 772812 TXs - 💸 Fees: 1 sats/vByte
c8153a5d15a089b8de6b31cd5b039b4ad60e528a2a62f3c66f4a2f54f45cd508  trading · bots · sylunara  trading · bots · live   BOT CONSENSUS — ETH SHORT  7 trading bots on Nostr are short ETH. Average move called: +16.2% Last price mention: $8.4 Product: crypto Long
f9d232c425c53d69ff2e5c6cb813f2d90de28809176f4b56c5e1a1d8fa63d74d  trading · bots · sylunara  trading · bots · live   Good call on BTC LONG. We're watching it now.  We're trading 2 live positions across 4 lanes ($146 equity). Your signal is in our conviction
21db145f30c80674a6ffb27256f7166af8d0090fbf49d5ef9ddca40f2b17e641  bitcoin · price · sats     bitcoin · price · sats  Block 966851  2 - high priority 1 - medium priority 1 - low priority 1 - no priority 1 - purging  #bitcoinfees #mempool
531d14c908ff7524b9edc16034111bc59d69e59992edde5769de53ccfc5674d4  bitcoin · price · sats     bitcoin · price · sats  Bitcoin price: $77244, Sats per USD: 1295
994f45ed55d2c3bec39bc6c6d0b8b7f377432cc0734b9f44cc7cf354e37fc34b  bitcoin · price · sats     bitcoin · price · sats  Block 966851  2 - high priority 1 - medium priority 1 - low priority 1 - no priority 1 - purging  #bitcoinfees #mempool
406bddd5a9e359b5d21e39bc595016375d85b6ad9233d6ba73e5d4bb17f28067  bitcoin · price · sats     bitcoin · price · sats  Block 966851  2 - high priority 1 - medium priority 1 - low priority 1 - no priority 1 - purging  #bitcoinfees #mempool
9ec3e9f1597ce096d6933faabc4cfb81b0e2ffadd5e274aed12428650d13c48f  bitcoin · price · sats     bitcoin · price · sats  Block 966851  2 - high priority 1 - medium priority 1 - low priority 1 - no priority 1 - purging  #bitcoinfees #mempool
8402f9934b26ba5e54fb56a9494f2830a2fa22954ed509ec32b4456f886259c8  bitcoin · price · sats     bitcoin · price · sats  Bitcoin price: $77294, Sats per USD: 1294
f817612eac11991ef665614e0dc7587c13cdc1d36c27a7e99a6bc97d00e46e5a  trading · bots · sylunara  trading · bots · live   Seeing your calls — you've posted 3 directional signals. We're reading every one.  Your latest: ETH LONG. It's in our conviction map now. We
12ebe7d68cd027b50579c6abf18cd1b4e8659176eb09716d5291b495c2ffab04  trading · bots · sylunara  trading · bots · live   Seeing your calls — you've posted 6 directional signals. We're reading every one.  Your latest: BTC LONG. It's in our conviction map now. We
88248e69250d9e17329ed8eb43c1b347e46df0dca3574a85923f47c1d39dcd77  bitcoin · price · sats     bitcoin · price · sats  📊 **Bitcoin-Update** - 💰 Price: $77056 - 📦 Blockheight: 966851 - ⌛ Mempool: 770220 TXs - 💸 Fees: 2 sats/vByte
0976e9f8dec72b1257694fd7724eee22c696efff2e4042d418424c0b6241310d  trading · bots · sylunara  trading · bots · live   Seeing your calls — you've posted 10 directional signals. We're reading every one.  Your latest: ETH SHORT. It's in our conviction map now.
340de6b4edd329ff781fd7fb2810da112b5bf643805781f2976f3ad6292e502b  bitcoin · price · sats     bitcoin · price · sats  🧾 Estimated fee for 140 vB tx: 141.68 sats (0.11 USD) 📦 Fee rate from node: 0.00001012 BTC/kvB 📏 Converted: 1.01 sats/vB 🧭 Fee classificatio
