warning: unused config key `unstable.min-publish-age` in `/home/code/.cargo/config.toml`
   Compiling aws-smithy-http-client v1.4.0
   Compiling ort-sys v2.0.0-rc.13
   Compiling miniz_oxide v0.9.1
   Compiling aws-smithy-runtime v1.14.0
   Compiling nostr v0.45.4
   Compiling rustix v1.1.4
   Compiling libsqlite3-sys v0.36.0
   Compiling doc-comment v0.3.4
   Compiling aws-sigv4 v1.5.1
   Compiling portable-atomic v1.15.0
   Compiling onig_sys v69.9.3
   Compiling derive_builder_core v0.20.2
   Compiling aws-types v1.6.0
   Compiling web_atoms v0.2.6
   Compiling sha1 v0.10.7
   Compiling phf v0.13.1
   Compiling ahash v0.8.12
   Compiling xmlparser v0.13.6
   Compiling paste v1.0.15
   Compiling uuid v1.26.0
   Compiling linfa v0.8.1
   Compiling data-encoding v2.11.1
   Compiling esaxx-rs v0.1.10
   Compiling option-ext v0.2.0
   Compiling linux-raw-sys v0.12.1
   Compiling base64 v0.23.1
   Compiling utf-8 v0.7.6
   Compiling unicode-width v0.2.2
   Compiling regex-syntax v0.8.11
   Compiling minimal-lexical v0.2.1
   Compiling nom v7.1.3
   Compiling regex-automata v0.4.18
   Compiling console v0.16.4
   Compiling tungstenite v0.28.0
   Compiling ureq-proto v0.6.1
   Compiling dirs-sys v0.5.0
   Compiling aws-runtime v1.9.2
   Compiling aws-smithy-xml v0.62.0
   Compiling derive_builder_macro v0.20.2
   Compiling flate2 v1.1.10
   Compiling tendril v0.5.1
   Compiling webpki-roots v0.26.11
   Compiling sprs v0.11.2
   Compiling castaway v0.2.4
   Compiling arc-swap v1.9.2
   Compiling aws-smithy-json v0.63.0
   Compiling socks v0.3.4
   Compiling itertools v0.13.0
   Compiling itertools v0.14.0
   Compiling unit-prefix v0.5.2
   Compiling pastey v0.2.3
   Compiling urlencoding v2.1.3
   Compiling dtoa v1.0.11
   Compiling regex-lite v0.1.9
   Compiling macro_rules_attribute-proc_macro v0.2.3
   Compiling static_assertions v1.1.0
   Compiling base64 v0.13.1
   Compiling utf8-zero v0.8.1
   Compiling unicode-segmentation v1.13.3
   Compiling spm_precompiled v0.1.4
   Compiling ureq v3.4.0
   Compiling compact_str v0.9.1
   Compiling macro_rules_attribute v0.2.3
   Compiling dtoa-short v0.3.5
   Compiling aws-smithy-query v0.62.0
   Compiling indicatif v0.18.6
   Compiling monostate v0.1.18
   Compiling ndarray-stats v0.6.0
   Compiling rayon-cond v0.4.0
   Compiling tokio-tungstenite v0.28.0
   Compiling markup5ever v0.39.0
   Compiling pgat v0.3.0
   Compiling derive_builder v0.20.2
   Compiling dirs v6.0.0
   Compiling tempfile v3.27.0
   Compiling regex v1.13.1
   Compiling onig v6.5.3
   Compiling nostr-database v0.45.1
   Compiling hashlink v0.11.1
   Compiling rand_distr v0.4.3
   Compiling tokio-socks v0.5.3
   Compiling kdtree v0.7.0
   Compiling ndarray v0.17.2
   Compiling dary_heap v0.3.9
   Compiling async-utility v0.3.2
   Compiling futures-executor v0.3.34
   Compiling unicode-normalization-alignments v0.1.12
   Compiling fallible-iterator v0.3.0
   Compiling fallible-streaming-iterator v0.1.9
   Compiling mime v0.3.17
   Compiling nostr-sqlite v0.45.1
   Compiling order-stat v0.1.3
   Compiling pulldown-cmark v0.13.4
   Compiling unicode_categories v0.1.1
   Compiling tokenizers v0.22.2
   Compiling rusqlite v0.38.0
   Compiling linfa-nn v0.8.1
   Compiling axum-core v0.5.6
   Compiling async-wsocket v0.17.0
   Compiling futures v0.3.34
   Compiling ort v2.0.0-rc.13
   Compiling ndarray-rand v0.15.0
   Compiling safetensors v0.8.0
   Compiling hf-hub v0.5.0
   Compiling space v0.19.0
   Compiling html5ever v0.39.0
   Compiling aws-sdk-sts v1.114.0
   Compiling cssparser v0.37.0
   Compiling nostr-gossip v0.45.0
   Compiling linfa-linalg v0.2.1
   Compiling serde_urlencoded v0.7.1
   Compiling serde_path_to_error v0.1.20
   Compiling maplit v1.0.2
   Compiling negentropy v0.5.1
   Compiling iana-time-zone v0.1.65
   Compiling pulldown-cmark-escape v0.11.0
   Compiling unicase v2.9.0
   Compiling lru v0.18.4
   Compiling matchit v0.8.4
   Compiling memo-map v0.3.4
   Compiling minijinja v2.24.0
   Compiling axum v0.8.9
   Compiling nostr-sdk v0.45.2
   Compiling chrono v0.4.45
   Compiling ammonia v4.1.4
   Compiling linfa-clustering v0.8.1
   Compiling aws-config v1.12.0
   Compiling fastembed v6.0.2
   Compiling aws-sdk-bedrockruntime v1.143.0
   Compiling sha2 v0.10.9
   Compiling bech32 v0.11.1
   Compiling html-escape v0.2.15
   Compiling meatybroth v0.1.0 (/workspace/.worktrees/meatybroth-sla)
    Finished `release` profile [optimized] target(s) in 3m 12s
