warning: unused config key `unstable.min-publish-age` in `/home/code/.cargo/config.toml`
warning: unused config key `unstable.min-publish-age` in `/home/code/.cargo/config.toml`
    Checking num-traits v0.2.19
    Checking serde_core v1.0.229
    Checking num-integer v0.1.47
    Checking ring v0.17.14
    Checking serde v1.0.229
    Checking httparse v1.10.1
    Checking zerocopy v0.8.56
    Checking aws-lc-sys v0.45.0
    Checking aws-smithy-types v1.6.3
    Checking aws-lc-rs v1.18.1
    Checking rustls-webpki v0.103.15
    Checking rustls v0.23.43
    Checking ppv-lite86 v0.2.21
    Checking aws-smithy-runtime-api v1.16.0
    Checking crossbeam-utils v0.8.22
    Checking getrandom v0.3.4
    Checking thiserror v2.0.20
    Checking crossbeam-epoch v0.9.20
    Checking zmij v1.0.23
    Checking crossbeam-deque v0.8.7
    Checking serde_json v1.0.151
    Checking rayon-core v1.13.0
    Checking generic-array v0.14.7
    Checking icu_properties_data v2.3.0
    Checking icu_normalizer_data v2.3.0
    Checking crc32fast v1.5.1
    Checking rand_core v0.9.5
    Checking matrixmultiply v0.3.11
    Checking rand_chacha v0.9.0
    Checking icu_properties v2.3.0
    Checking icu_normalizer v2.3.0
    Checking rayon v1.12.0
    Checking num-complex v0.4.6
    Checking idna_adapter v1.2.2
    Checking rand v0.9.5
    Checking crypto-common v0.1.7
    Checking block-buffer v0.10.4
    Checking tokio-rustls v0.26.5
    Checking getrandom v0.4.3
    Checking digest v0.10.7
    Checking idna v1.1.0
    Checking hyper v1.11.1
    Checking aws-smithy-schema v0.2.0
    Checking rustls-webpki v0.101.7
    Checking sct v0.7.1
    Checking rustls v0.21.12
    Checking hyper-util v0.1.20
    Checking url v2.5.8
    Checking approx v0.5.1
    Checking hyper v0.14.32
    Checking thiserror v1.0.69
    Checking ndarray v0.16.1
    Checking tokio-rustls v0.24.1
    Checking bitcoin-internals v0.6.0
    Checking sha1 v0.10.7
    Checking rand_chacha v0.3.1
    Checking aws-smithy-eventstream v0.61.2
    Checking aws-smithy-http v0.64.0
    Checking rand v0.8.8
    Checking heapless v0.8.0
    Checking bitcoin-consensus-encoding v1.2.0
    Checking hyper-rustls v0.24.2
    Checking secp256k1-sys v0.10.1
    Checking hyper-rustls v0.27.9
    Checking parking_lot_core v0.9.12
    Checking aws-credential-types v1.3.0
    Checking hashbrown v0.16.1
    Checking parking_lot v0.12.5
    Checking aws-smithy-http-client v1.4.0
    Checking secp256k1 v0.30.0
    Checking bitcoin_hashes v1.2.0
    Checking faster-hex v0.10.0
    Checking rand v0.10.2
    Checking aws-smithy-observability v0.3.0
    Checking aws-sigv4 v1.5.1
    Checking string_cache v0.9.0
    Checking aws-smithy-runtime v1.14.0
    Checking nostr v0.45.4
    Checking aws-types v1.6.0
    Checking tungstenite v0.28.0
    Checking aws-runtime v1.9.2
    Checking ureq-proto v0.6.1
    Checking rustix v1.1.4
    Checking aws-smithy-xml v0.62.0
    Checking web_atoms v0.2.6
    Checking onig_sys v69.9.3
    Checking portable-atomic v1.15.0
    Checking flate2 v1.1.10
    Checking sprs v0.11.2
    Checking arc-swap v1.9.2
    Checking castaway v0.2.4
    Checking aws-smithy-json v0.63.0
    Checking noisy_float v0.2.1
    Checking compact_str v0.9.1
    Checking macro_rules_attribute v0.2.3
    Checking aws-smithy-query v0.62.0
    Checking ureq v3.4.0
    Checking linfa v0.8.1
    Checking spm_precompiled v0.1.4
    Checking indicatif v0.18.6
    Checking monostate v0.1.18
    Checking ndarray-stats v0.6.0
    Checking rayon-cond v0.4.0
    Checking tokio-tungstenite v0.28.0
    Checking markup5ever v0.39.0
    Checking ort-sys v2.0.0-rc.13
    Checking libsqlite3-sys v0.36.0
    Checking onig v6.5.3
    Checking derive_builder v0.20.2
    Checking tempfile v3.27.0
    Checking ahash v0.8.12
    Checking esaxx-rs v0.1.10
    Checking nostr-database v0.45.1
    Checking hashlink v0.11.1
    Checking rand_distr v0.4.3
    Checking tungstenite v0.29.0
    Checking kdtree v0.7.0
    Checking tokio-socks v0.5.3
    Checking ndarray v0.17.2
    Checking dary_heap v0.3.9
    Checking tokenizers v0.22.2
    Checking ort v2.0.0-rc.13
    Checking linfa-nn v0.8.1
    Checking rusqlite v0.38.0
    Checking async-wsocket v0.17.0
    Checking tokio-tungstenite v0.29.0
    Checking ndarray-rand v0.15.0
    Checking hf-hub v0.5.0
    Checking safetensors v0.8.0
    Checking space v0.19.0
    Checking html5ever v0.39.0
    Checking aws-sdk-sts v1.114.0
    Checking nostr-gossip v0.45.0
    Checking linfa-linalg v0.2.1
    Checking serde_urlencoded v0.7.1
    Checking serde_path_to_error v0.1.20
    Checking chrono v0.4.45
    Checking aws-config v1.12.0
    Checking axum v0.8.9
    Checking minijinja v2.24.0
    Checking pulldown-cmark v0.13.4
    Checking ammonia v4.1.4
    Checking nostr-sdk v0.45.2
    Checking linfa-clustering v0.8.1
    Checking fastembed v6.0.2
    Checking nostr-sqlite v0.45.1
    Checking aws-sdk-bedrockruntime v1.143.0
    Checking sha2 v0.10.9
    Checking meatybroth v0.1.0 (/workspace/.worktrees/meatybroth-sla)
    Finished `dev` profile [unoptimized] target(s) in 36.96s
