Startup stage sdk_open_ms=1
Startup stage posts_schema_ms=18
Startup stage coverage_schema_ms=9
Startup stage embedding_schema_ms=0
Startup stage social_schema_ms=27
Startup stage derived_cleanup_ms=945
Startup stage analyze_events_ms=47
Built 12 fixed-k and 64 DBSCAN topics from cached bedrock vectors
	Command being timed: "env MEATYBROTH_DB=/tmp/meatybroth-dbscan-release.sqlite MEATYBROTH_RECLUSTER_ONLY=bedrock MEATYBROTH_KMEANS_K=12 MEATYBROTH_DBSCAN_EPSILON_COSINE=0.20 MEATYBROTH_DBSCAN_MIN_SAMPLES=8 /tmp/meatybroth-goal3-target/release/meatybroth"
	User time (seconds): 44.27
	System time (seconds): 0.98
	Percent of CPU this job got: 96%
	Elapsed (wall clock) time (h:mm:ss or m:ss): 0:46.80
	Average shared text size (kbytes): 0
	Average unshared data size (kbytes): 0
	Average stack size (kbytes): 0
	Average total size (kbytes): 0
	Maximum resident set size (kbytes): 224548
	Average resident set size (kbytes): 0
	Major (requiring I/O) page faults: 0
	Minor (reclaiming a frame) page faults: 40686
	Voluntary context switches: 418
	Involuntary context switches: 16304
	Swaps: 0
	File system inputs: 32
	File system outputs: 73952
	Socket messages sent: 0
	Socket messages received: 0
	Signals delivered: 0
	Page size (bytes): 4096
	Exit status: 0
