warning: unused config key `unstable.min-publish-age` in `/home/code/.cargo/config.toml`
   Compiling meatybroth v0.1.0 (/workspace/.worktrees/meatybroth-sla)
    Finished `test` profile [unoptimized] target(s) in 3.27s
     Running unittests src/main.rs (/tmp/meatybroth-continuous-target/debug/build/meatybroth/a15d2096691ec0fe/out/meatybroth-a15d2096691ec0fe)

running 1 test
Startup stage sdk_open_ms=48
Startup stage posts_schema_ms=9
Startup stage coverage_schema_ms=9
Startup stage embedding_schema_ms=10
Startup stage social_schema_ms=9
Startup stage derived_cleanup_ms=0
Startup stage analyze_events_ms=9
test sdk_tests::provider_deadline_stops_before_a_second_chunk_and_resumes_it ... ok

test result: ok. 1 passed; 0 failed; 0 ignored; 0 measured; 25 filtered out; finished in 0.22s

warning: unused config key `unstable.min-publish-age` in `/home/code/.cargo/config.toml`
    Finished `test` profile [unoptimized] target(s) in 0.18s
     Running unittests src/main.rs (/tmp/meatybroth-continuous-target/debug/build/meatybroth/a15d2096691ec0fe/out/meatybroth-a15d2096691ec0fe)

running 1 test
Startup stage sdk_open_ms=53
Startup stage posts_schema_ms=9
Startup stage coverage_schema_ms=9
Startup stage embedding_schema_ms=10
Startup stage social_schema_ms=9
Startup stage derived_cleanup_ms=0
Startup stage analyze_events_ms=9
test sdk_tests::provider_deadline_stops_before_a_second_chunk_and_resumes_it ... ok

test result: ok. 1 passed; 0 failed; 0 ignored; 0 measured; 25 filtered out; finished in 0.22s

warning: unused config key `unstable.min-publish-age` in `/home/code/.cargo/config.toml`
    Finished `test` profile [unoptimized] target(s) in 0.18s
     Running unittests src/main.rs (/tmp/meatybroth-continuous-target/debug/build/meatybroth/a15d2096691ec0fe/out/meatybroth-a15d2096691ec0fe)

running 1 test
Startup stage sdk_open_ms=48
Startup stage posts_schema_ms=9
Startup stage coverage_schema_ms=9
Startup stage embedding_schema_ms=10
Startup stage social_schema_ms=9
Startup stage derived_cleanup_ms=0
Startup stage analyze_events_ms=9
test sdk_tests::provider_deadline_stops_before_a_second_chunk_and_resumes_it ... ok

test result: ok. 1 passed; 0 failed; 0 ignored; 0 measured; 25 filtered out; finished in 0.21s

warning: unused config key `unstable.min-publish-age` in `/home/code/.cargo/config.toml`
    Finished `test` profile [unoptimized] target(s) in 0.18s
     Running unittests src/main.rs (/tmp/meatybroth-continuous-target/debug/build/meatybroth/a15d2096691ec0fe/out/meatybroth-a15d2096691ec0fe)

running 1 test
Startup stage sdk_open_ms=54
Startup stage posts_schema_ms=9
Startup stage coverage_schema_ms=9
Startup stage embedding_schema_ms=10
Startup stage social_schema_ms=9
Startup stage derived_cleanup_ms=0
Startup stage analyze_events_ms=8
test sdk_tests::provider_deadline_stops_before_a_second_chunk_and_resumes_it ... ok

test result: ok. 1 passed; 0 failed; 0 ignored; 0 measured; 25 filtered out; finished in 0.21s

warning: unused config key `unstable.min-publish-age` in `/home/code/.cargo/config.toml`
    Finished `test` profile [unoptimized] target(s) in 0.18s
     Running unittests src/main.rs (/tmp/meatybroth-continuous-target/debug/build/meatybroth/a15d2096691ec0fe/out/meatybroth-a15d2096691ec0fe)

running 1 test
Startup stage sdk_open_ms=53
Startup stage posts_schema_ms=9
Startup stage coverage_schema_ms=9
Startup stage embedding_schema_ms=10
Startup stage social_schema_ms=9
Startup stage derived_cleanup_ms=1
Startup stage analyze_events_ms=8
test sdk_tests::provider_deadline_stops_before_a_second_chunk_and_resumes_it ... ok

test result: ok. 1 passed; 0 failed; 0 ignored; 0 measured; 25 filtered out; finished in 0.21s

warning: unused config key `unstable.min-publish-age` in `/home/code/.cargo/config.toml`
    Finished `test` profile [unoptimized] target(s) in 0.18s
     Running unittests src/main.rs (/tmp/meatybroth-continuous-target/debug/build/meatybroth/a15d2096691ec0fe/out/meatybroth-a15d2096691ec0fe)

running 1 test
Startup stage sdk_open_ms=53
Startup stage posts_schema_ms=9
Startup stage coverage_schema_ms=9
Startup stage embedding_schema_ms=10
Startup stage social_schema_ms=9
Startup stage derived_cleanup_ms=1
Startup stage analyze_events_ms=8
test sdk_tests::provider_deadline_stops_before_a_second_chunk_and_resumes_it ... ok

test result: ok. 1 passed; 0 failed; 0 ignored; 0 measured; 25 filtered out; finished in 0.21s

warning: unused config key `unstable.min-publish-age` in `/home/code/.cargo/config.toml`
    Finished `test` profile [unoptimized] target(s) in 0.18s
     Running unittests src/main.rs (/tmp/meatybroth-continuous-target/debug/build/meatybroth/a15d2096691ec0fe/out/meatybroth-a15d2096691ec0fe)

running 1 test
Startup stage sdk_open_ms=53
Startup stage posts_schema_ms=9
Startup stage coverage_schema_ms=9
Startup stage embedding_schema_ms=9
Startup stage social_schema_ms=9
Startup stage derived_cleanup_ms=1
Startup stage analyze_events_ms=8
test sdk_tests::provider_deadline_stops_before_a_second_chunk_and_resumes_it ... ok

test result: ok. 1 passed; 0 failed; 0 ignored; 0 measured; 25 filtered out; finished in 0.21s

warning: unused config key `unstable.min-publish-age` in `/home/code/.cargo/config.toml`
    Finished `test` profile [unoptimized] target(s) in 0.19s
     Running unittests src/main.rs (/tmp/meatybroth-continuous-target/debug/build/meatybroth/a15d2096691ec0fe/out/meatybroth-a15d2096691ec0fe)

running 1 test
Startup stage sdk_open_ms=57
Startup stage posts_schema_ms=9
Startup stage coverage_schema_ms=9
Startup stage embedding_schema_ms=9
Startup stage social_schema_ms=9
Startup stage derived_cleanup_ms=0
Startup stage analyze_events_ms=8
test sdk_tests::provider_deadline_stops_before_a_second_chunk_and_resumes_it ... ok

test result: ok. 1 passed; 0 failed; 0 ignored; 0 measured; 25 filtered out; finished in 0.21s

warning: unused config key `unstable.min-publish-age` in `/home/code/.cargo/config.toml`
    Finished `test` profile [unoptimized] target(s) in 0.17s
     Running unittests src/main.rs (/tmp/meatybroth-continuous-target/debug/build/meatybroth/a15d2096691ec0fe/out/meatybroth-a15d2096691ec0fe)

running 1 test
Startup stage sdk_open_ms=61
Startup stage posts_schema_ms=9
Startup stage coverage_schema_ms=9
Startup stage embedding_schema_ms=10
Startup stage social_schema_ms=9
Startup stage derived_cleanup_ms=0
Startup stage analyze_events_ms=8
test sdk_tests::provider_deadline_stops_before_a_second_chunk_and_resumes_it ... ok

test result: ok. 1 passed; 0 failed; 0 ignored; 0 measured; 25 filtered out; finished in 0.23s

warning: unused config key `unstable.min-publish-age` in `/home/code/.cargo/config.toml`
    Finished `test` profile [unoptimized] target(s) in 0.18s
     Running unittests src/main.rs (/tmp/meatybroth-continuous-target/debug/build/meatybroth/a15d2096691ec0fe/out/meatybroth-a15d2096691ec0fe)

running 1 test
Startup stage sdk_open_ms=45
Startup stage posts_schema_ms=9
Startup stage coverage_schema_ms=9
Startup stage embedding_schema_ms=10
Startup stage social_schema_ms=9
Startup stage derived_cleanup_ms=0
Startup stage analyze_events_ms=8
test sdk_tests::provider_deadline_stops_before_a_second_chunk_and_resumes_it ... ok

test result: ok. 1 passed; 0 failed; 0 ignored; 0 measured; 25 filtered out; finished in 0.21s
