warning: unused config key `unstable.min-publish-age` in `/home/code/.cargo/config.toml`
   Compiling slab v0.4.12
   Compiling fnv v1.0.7
   Compiling fs_extra v1.3.0
   Compiling dunce v1.0.5
   Compiling typenum v1.20.1
   Compiling aws-lc-rs v1.18.1
   Compiling jobserver v0.1.35
   Compiling powerfmt v0.2.0
   Compiling time-core v0.1.9
   Compiling deranged v0.5.8
   Compiling vsimd v0.8.0
   Compiling num-conv v0.2.2
   Compiling outref v0.5.2
   Compiling bytes-utils v0.1.4
   Compiling pin-utils v0.1.0
   Compiling rustls v0.23.43
   Compiling hashbrown v0.17.1
   Compiling syn v2.0.119
   Compiling http v0.2.12
   Compiling num-integer v0.1.47
   Compiling crc32fast v1.5.1
   Compiling tokio v1.53.1
   Compiling futures-util v0.3.34
   Compiling try-lock v0.2.5
   Compiling rustls v0.21.12
   Compiling base64 v0.22.1
   Compiling ipnet v2.12.1
   Compiling cmov v0.5.4
   Compiling socket2 v0.5.10
   Compiling const-oid v0.10.2
   Compiling openssl-probe v0.2.1
   Compiling want v0.3.1
   Compiling semver v1.0.28
   Compiling rustls-native-certs v0.8.4
   Compiling cc v1.4.5
   Compiling base64-simd v0.8.0
   Compiling ctutils v0.4.2
   Compiling rustc_version v0.4.1
   Compiling cpufeatures v0.3.1
   Compiling hex v0.4.3
   Compiling xmlparser v0.13.6
   Compiling uuid v1.26.0
   Compiling http-body v0.4.6
   Compiling indexmap v2.14.2
   Compiling aws-types v1.6.0
   Compiling flate2 v1.1.10
   Compiling arc-swap v1.9.2
   Compiling cmake v0.1.58
   Compiling time v0.3.55
   Compiling urlencoding v2.1.3
   Compiling hybrid-array v0.4.14
   Compiling generic-array v0.14.7
   Compiling regex-lite v0.1.9
   Compiling ndarray v0.17.2
   Compiling ring v0.17.14
   Compiling aws-lc-sys v0.45.0
   Compiling secp256k1-sys v0.10.1
   Compiling onig_sys v69.9.3
   Compiling libsqlite3-sys v0.36.0
   Compiling crypto-common v0.1.7
   Compiling block-buffer v0.10.4
   Compiling crypto-common v0.2.2
   Compiling block-buffer v0.12.1
   Compiling digest v0.10.7
   Compiling sha1 v0.10.7
   Compiling sha2 v0.10.9
   Compiling futures-executor v0.3.34
   Compiling futures v0.3.34
   Compiling digest v0.11.3
   Compiling synstructure v0.13.2
   Compiling darling_core v0.20.11
   Compiling hmac v0.13.0
   Compiling sha2 v0.11.0
   Compiling tracing-attributes v0.1.31
   Compiling zerofrom-derive v0.1.7
   Compiling yoke-derive v0.8.2
   Compiling aws-smithy-runtime-api-macros v1.1.0
   Compiling thiserror-impl v1.0.69
   Compiling monostate-impl v0.1.18
   Compiling tokio-util v0.7.19
   Compiling aws-smithy-async v1.3.0
   Compiling monostate v0.1.18
   Compiling async-utility v0.3.2
   Compiling tokio-happy-eyeballs v0.1.0
   Compiling thiserror v1.0.69
   Compiling zerofrom v0.1.8
   Compiling tokio-socks v0.5.3
   Compiling yoke v0.8.3
   Compiling tracing v0.1.44
   Compiling aws-smithy-types v1.6.3
   Compiling tokio-stream v0.1.19
   Compiling zerovec v0.11.8
   Compiling zerotrie v0.2.5
   Compiling rustls-webpki v0.103.15
   Compiling darling_macro v0.20.11
   Compiling h2 v0.4.19
   Compiling h2 v0.3.27
   Compiling tower v0.5.3
   Compiling axum-core v0.5.6
   Compiling darling v0.20.11
   Compiling derive_builder_core v0.20.2
   Compiling tinystr v0.8.4
   Compiling potential_utf v0.1.6
   Compiling secp256k1 v0.30.0
   Compiling icu_collections v2.3.0
   Compiling icu_locale_core v2.3.0
   Compiling onig v6.5.3
   Compiling aws-smithy-runtime-api v1.16.0
   Compiling aws-smithy-eventstream v0.61.2
   Compiling derive_builder_macro v0.20.2
   Compiling derive_builder v0.20.2
   Compiling tokenizers v0.22.2
   Compiling icu_provider v2.3.1
   Compiling icu_normalizer v2.3.0
   Compiling icu_properties v2.3.0
   Compiling aws-smithy-schema v0.2.0
   Compiling aws-smithy-http v0.64.0
   Compiling aws-credential-types v1.3.0
   Compiling aws-smithy-observability v0.3.0
   Compiling aws-sigv4 v1.5.1
   Compiling aws-smithy-xml v0.62.0
   Compiling aws-smithy-json v0.63.0
   Compiling idna_adapter v1.2.2
   Compiling idna v1.1.0
   Compiling rustls-webpki v0.101.7
   Compiling sct v0.7.1
   Compiling url v2.5.8
   Compiling aws-smithy-query v0.62.0
   Compiling ureq v3.4.0
   Compiling nostr v0.45.4
   Compiling ammonia v4.1.4
   Compiling hyper v0.14.32
   Compiling hyper v1.11.1
   Compiling ort-sys v2.0.0-rc.13
   Compiling tokio-rustls v0.24.1
   Compiling hyper-util v0.1.20
   Compiling ort v2.0.0-rc.13
   Compiling nostr-database v0.45.1
   Compiling nostr-gossip v0.45.0
   Compiling hyper-rustls v0.24.2
   Compiling axum v0.8.9
   Compiling tokio-rustls v0.26.5
   Compiling tungstenite v0.28.0
   Compiling hyper-rustls v0.27.9
   Compiling tokio-tungstenite v0.28.0
   Compiling hf-hub v0.5.0
   Compiling fastembed v6.0.2
   Compiling aws-smithy-http-client v1.4.0
   Compiling async-wsocket v0.17.0
   Compiling nostr-sdk v0.45.2
   Compiling aws-smithy-runtime v1.14.0
   Compiling aws-runtime v1.9.2
   Compiling aws-sdk-sts v1.114.0
   Compiling aws-sdk-bedrockruntime v1.143.0
   Compiling aws-config v1.12.0
   Compiling rusqlite v0.38.0
   Compiling nostr-sqlite v0.45.1
   Compiling meatybroth v0.1.0 (/workspace/meatybroth-rust)
    Finished `release` profile [optimized] target(s) in 1m 42s
