warning: unused config key `unstable.min-publish-age` in `/home/code/.cargo/config.toml`
warning: unused config key `unstable.min-publish-age` in `/home/code/.cargo/config.toml`
    Checking meatybroth v0.1.0 (/workspace/.worktrees/meatybroth-sla)
error: this function has too many arguments (8/7)
    --> src/collect.rs:1000:1
     |
1000 | / pub(crate) async fn embed_until_next_scan(
1001 | |     path: &Path,
1002 | |     transport: &dyn Transport,
1003 | |     budget: Budget,
...    |
1008 | |     next_scan_at: tokio::time::Instant,
1009 | | ) -> Result<(), Error> {
     | |______________________^
     |
     = help: for further information visit https://rust-lang.github.io/rust-clippy/main/index.html#too_many_arguments
     = note: `-D clippy::too-many-arguments` implied by `-D warnings`
     = help: to override `-D warnings` add `#[allow(clippy::too_many_arguments)]`

error: could not compile `meatybroth` (bin "meatybroth") due to 1 previous error
warning: build failed, waiting for other jobs to finish...
error: could not compile `meatybroth` (bin "meatybroth" test) due to 1 previous error
