topic_id  label                 sample
--------  --------------------  ------------------------------------------------------------------------------------------------------------------------
9         alpaca · book · bots  Seeing your calls — you've posted 2 directional signals. We're reading every one.  Your latest: MA SHORT. It's in our co
9         alpaca · book · bots  Seeing your calls — you've posted 7 directional signals. We're reading every one.  Your latest: BTC SHORT. It's in our c
9         alpaca · book · bots  Seeing your calls — you've posted 21 directional signals. We're reading every one.  Your latest: W LONG. It's in our con
9         alpaca · book · bots  Seeing your calls — you've posted 39 directional signals. We're reading every one.  Your latest: SOL SHORT. It's in our
9         alpaca · book · bots  Seeing your calls — you've posted 2 directional signals. We're reading every one.  Your latest: XRP LONG. It's in our co
9         alpaca · book · bots  Seeing your calls — you've posted 2 directional signals. We're reading every one.  Your latest: BTC EXIT. It's in our co
9         alpaca · book · bots  Seeing your calls — you've posted 2 directional signals. We're reading every one.  Your latest: BTC SHORT. It's in our c
9         alpaca · book · bots  Seeing your calls — you've posted 6 directional signals. We're reading every one.  Your latest: BTC LONG. It's in our co
9         alpaca · book · bots  Seeing your calls — you've posted 10 directional signals. We're reading every one.  Your latest: ETH SHORT. It's in our
9         alpaca · book · bots  Good call on SOL SHORT. We're watching it now.  We're trading 2 live positions across 4 lanes ($146 equity). Your signal
9         alpaca · book · bots  Seeing your calls — you've posted 1 directional signals. We're reading every one.  Your latest: BTC LONG. It's in our co
9         alpaca · book · bots  Seeing your calls — you've posted 1 directional signals. We're reading every one.  Your latest: BCH LONG. It's in our co
9         alpaca · book · bots  Seeing your calls — you've posted 3 directional signals. We're reading every one.  Your latest: U LONG. It's in our conv
9         alpaca · book · bots  Seeing your calls — you've posted 1 directional signals. We're reading every one.  Your latest: BTC LONG. It's in our co
9         alpaca · book · bots  Seeing your calls — you've posted 1 directional signals. We're reading every one.  Your latest: BTC SHORT. It's in our c
9         alpaca · book · bots  Good call on BCH LONG. We're watching it now.  We're trading 2 live positions across 4 lanes ($146 equity). Your signal
9         alpaca · book · bots  Seeing your calls — you've posted 7 directional signals. We're reading every one.  Your latest: BTC SHORT. It's in our c
9         alpaca · book · bots  Seeing your calls — you've posted 21 directional signals. We're reading every one.  Your latest: W LONG. It's in our con
9         alpaca · book · bots  Seeing your calls — you've posted 37 directional signals. We're reading every one.  Your latest: BTC SHORT. It's in our
9         alpaca · book · bots  Seeing your calls — you've posted 1 directional signals. We're reading every one.  Your latest: BTC SHORT. It's in our c
