warning: unused config key `unstable.min-publish-age` in `/home/code/.cargo/config.toml`
warning: unused config key `unstable.min-publish-age` in `/home/code/.cargo/config.toml`
    Checking cfg-if v1.0.4
    Checking itoa v1.0.18
    Checking bytes v1.12.1
    Checking memchr v2.8.3
    Checking pin-project-lite v0.2.17
    Checking log v0.4.34
    Checking futures-core v0.3.34
    Checking once_cell v1.21.4
    Checking futures-sink v0.3.34
    Checking tokio v1.53.1
    Checking libm v0.2.16
    Checking num-traits v0.2.19
    Checking smallvec v1.16.0
    Checking http v1.5.0
    Checking slab v0.4.12
    Checking either v1.18.0
    Checking futures-channel v0.3.34
    Checking futures-io v0.3.34
    Checking futures-task v0.3.34
    Checking futures-util v0.3.34
    Checking getrandom v0.2.17
    Checking zeroize v1.9.0
    Checking num-integer v0.1.47
    Checking tokio-util v0.7.19
    Checking tracing-core v0.1.36
    Checking fnv v1.0.7
    Checking tracing v0.1.44
    Checking percent-encoding v2.3.2
    Checking http-body v1.1.0
    Checking equivalent v1.0.2
    Checking typenum v1.20.1
    Checking ryu v1.0.23
    Checking stable_deref_trait v1.2.1
    Checking untrusted v0.9.0
    Checking ring v0.17.14
    Checking http v0.2.12
    Checking yoke v0.8.3
    Checking http-body-util v0.1.5
    Checking http-body v0.4.6
    Checking rustls-pki-types v1.15.1
    Checking num-conv v0.2.2
    Checking vsimd v0.8.0
    Checking powerfmt v0.2.0
    Checking time-core v0.1.9
    Checking outref v0.5.2
    Checking deranged v0.5.8
    Checking base64-simd v0.8.0
    Checking zerovec v0.11.8
    Checking bytes-utils v0.1.4
    Checking pin-utils v0.1.0
    Checking time v0.3.55
    Checking hashbrown v0.17.1
    Checking indexmap v2.14.2
    Checking aws-lc-rs v1.18.1
    Checking aws-smithy-types v1.6.3
    Checking rustls-webpki v0.103.15
    Checking aws-smithy-async v1.3.0
    Checking subtle v2.6.1
    Checking aws-smithy-runtime-api v1.16.0
    Checking rustls v0.23.43
    Checking tinystr v0.8.4
    Checking form_urlencoded v1.2.2
    Checking writeable v0.6.4
    Checking litemap v0.8.3
    Checking icu_locale_core v2.3.0
    Checking getrandom v0.3.4
    Checking zerotrie v0.2.5
    Checking potential_utf v0.1.6
    Checking utf8_iter v1.0.4
    Checking icu_collections v2.3.0
    Checking icu_provider v2.3.1
    Checking try-lock v0.2.5
    Checking tower-service v0.3.3
    Checking want v0.3.1
    Checking serde_json v1.0.151
    Checking generic-array v0.14.7
    Checking crc32fast v1.5.1
    Checking rand_core v0.9.5
    Checking httpdate v1.0.3
    Checking rawpointer v0.2.1
    Checking byteorder v1.5.0
    Checking matrixmultiply v0.3.11
    Checking rand_chacha v0.9.0
    Checking icu_properties v2.3.0
    Checking icu_normalizer v2.3.0
    Checking rayon v1.12.0
    Checking num-complex v0.4.6
    Checking atomic-waker v1.1.2
    Checking h2 v0.4.19
    Checking idna_adapter v1.2.2
    Checking rand v0.9.5
    Checking block-buffer v0.10.4
    Checking crypto-common v0.1.7
    Checking tokio-rustls v0.26.5
    Checking hybrid-array v0.4.14
    Checking rand_core v0.10.1
    Checking getrandom v0.4.3
    Checking digest v0.10.7
    Checking idna v1.1.0
    Checking aws-smithy-schema v0.2.0
    Checking hyper v1.11.1
    Checking rustls-webpki v0.101.7
    Checking sct v0.7.1
    Checking rand_core v0.6.4
    Checking cpufeatures v0.2.17
    Checking base64 v0.22.1
    Checking sync_wrapper v1.0.2
    Checking ipnet v2.12.1
    Checking bitflags v2.13.1
    Checking tower-layer v0.3.3
    Checking cmov v0.5.4
    Checking hyper-util v0.1.20
    Checking ctutils v0.4.2
    Checking rustls v0.21.12
    Checking url v2.5.8
    Checking crypto-common v0.2.2
    Checking block-buffer v0.12.1
    Checking h2 v0.3.27
    Checking approx v0.5.1
    Checking fastrand v2.5.0
    Checking const-oid v0.10.2
    Checking openssl-probe v0.2.1
    Checking rustls-native-certs v0.8.4
    Checking digest v0.11.3
    Checking ndarray v0.16.1
    Checking hyper v0.14.32
    Checking tokio-rustls v0.24.1
    Checking tower v0.5.3
    Checking sha1 v0.10.7
    Checking rand_chacha v0.3.1
    Checking hash32 v0.3.1
    Checking aws-smithy-eventstream v0.61.2
    Checking webpki-roots v1.0.9
    Checking arrayvec v0.7.8
    Checking siphasher v1.0.3
    Checking scopeguard v1.2.0
    Checking data-encoding v2.11.1
    Checking hyper-rustls v0.24.2
    Checking lock_api v0.4.14
    Checking phf_shared v0.13.1
    Checking hex-conservative v1.2.0
    Checking aws-smithy-http v0.64.0
    Checking heapless v0.8.0
    Checking rand v0.8.8
    Checking parking_lot_core v0.9.12
    Checking hyper-rustls v0.27.9
    Checking aws-credential-types v1.3.0
    Checking new_debug_unreachable v1.0.6
    Checking allocator-api2 v0.2.21
    Checking foldhash v0.2.0
    Checking cpufeatures v0.3.1
    Checking sha2 v0.11.0
    Checking hashbrown v0.16.1
    Checking aws-smithy-http-client v1.4.0
    Checking parking_lot v0.12.5
    Checking bitcoin_hashes v1.2.0
    Checking faster-hex v0.10.0
    Checking hmac v0.13.0
    Checking rand v0.10.2
    Checking aws-smithy-observability v0.3.0
    Checking opaquerr v0.2.0
    Checking precomputed-hash v0.1.1
    Checking universal-time v0.3.1
    Checking bech32 v0.12.0
    Checking adler2 v2.0.1
    Checking simd-adler32 v0.3.10
    Checking hex v0.4.3
    Checking aws-sigv4 v1.5.1
    Checking nostr v0.45.4
    Checking miniz_oxide v0.9.1
    Checking string_cache v0.9.0
    Checking aws-smithy-runtime v1.14.0
    Checking aws-types v1.6.0
    Checking phf v0.13.1
    Checking aho-corasick v1.1.5
    Checking xmlparser v0.13.6
    Checking uuid v1.26.0
    Checking minimal-lexical v0.2.1
    Checking option-ext v0.2.0
    Checking linux-raw-sys v0.12.1
    Checking base64 v0.23.1
    Checking utf-8 v0.7.6
    Checking unicode-width v0.2.2
    Checking regex-syntax v0.8.11
    Checking console v0.16.4
    Checking tungstenite v0.28.0
    Checking ureq-proto v0.6.1
    Checking rustix v1.1.4
    Checking regex-automata v0.4.18
    Checking nom v7.1.3
    Checking dirs-sys v0.5.0
    Checking aws-runtime v1.9.2
    Checking aws-smithy-xml v0.62.0
    Checking web_atoms v0.2.6
    Checking flate2 v1.1.10
    Checking doc-comment v0.3.4
    Checking tendril v0.5.1
    Checking webpki-roots v0.26.11
    Checking sprs v0.11.2
    Checking aws-smithy-json v0.63.0
    Checking socks v0.3.4
    Checking itertools v0.14.0
    Checking itertools v0.13.0
    Checking noisy_float v0.2.1
    Checking urlencoding v2.1.3
    Checking regex-lite v0.1.9
    Checking static_assertions v1.1.0
    Checking dtoa v1.0.11
    Checking base64 v0.13.1
    Checking unit-prefix v0.5.2
    Checking unicode-segmentation v1.13.3
    Checking utf8-zero v0.8.1
    Checking ureq v3.4.0
    Checking spm_precompiled v0.1.4
    Checking indicatif v0.18.6
    Checking dtoa-short v0.3.5
    Checking compact_str v0.9.1
    Checking ndarray-stats v0.6.0
    Checking aws-smithy-query v0.62.0
    Checking rayon-cond v0.4.0
    Checking linfa v0.8.1
    Checking markup5ever v0.39.0
    Checking tokio-tungstenite v0.28.0
    Checking pgat v0.3.0
    Checking onig v6.5.3
    Checking ahash v0.8.12
    Checking dirs v6.0.0
    Checking regex v1.13.1
    Checking tempfile v3.27.0
    Checking nostr-database v0.45.1
    Checking hashlink v0.11.1
    Checking rand_distr v0.4.3
    Checking tungstenite v0.29.0
    Checking kdtree v0.7.0
    Checking tokio-socks v0.5.3
    Checking ndarray v0.17.2
    Checking async-utility v0.3.2
    Checking futures-executor v0.3.34
    Checking tokio-happy-eyeballs v0.1.0
    Checking unicode-normalization-alignments v0.1.12
    Checking unicode_categories v0.1.1
    Checking mime v0.3.17
    Checking fallible-iterator v0.3.0
    Checking fallible-streaming-iterator v0.1.9
    Checking linfa-nn v0.8.1
    Checking rusqlite v0.38.0
    Checking axum-core v0.5.6
    Checking ort v2.0.0-rc.13
    Checking tokenizers v0.22.2
    Checking async-wsocket v0.17.0
    Checking futures v0.3.34
    Checking tokio-tungstenite v0.29.0
    Checking ndarray-rand v0.15.0
    Checking safetensors v0.8.0
    Checking hf-hub v0.5.0
    Checking space v0.19.0
    Checking html5ever v0.39.0
    Checking aws-sdk-sts v1.114.0
    Checking cssparser v0.37.0
    Checking nostr-gossip v0.45.0
    Checking linfa-linalg v0.2.1
    Checking rand_xoshiro v0.6.0
    Checking serde_urlencoded v0.7.1
    Checking tokio-stream v0.1.19
    Checking serde_path_to_error v0.1.20
    Checking memo-map v0.3.4
    Checking maplit v1.0.2
    Checking matchit v0.8.4
    Checking iana-time-zone v0.1.65
    Checking negentropy v0.5.1
    Checking lru v0.18.4
    Checking pulldown-cmark-escape v0.11.0
    Checking unicase v2.9.0
    Checking nostr-sdk v0.45.2
    Checking pulldown-cmark v0.13.4
    Checking axum v0.8.9
    Checking chrono v0.4.45
    Checking ammonia v4.1.4
    Checking minijinja v2.24.0
    Checking linfa-clustering v0.8.1
    Checking aws-config v1.12.0
    Checking fastembed v6.0.2
    Checking nostr-sqlite v0.45.1
    Checking aws-sdk-bedrockruntime v1.143.0
    Checking sha2 v0.10.9
    Checking linkify v0.10.0
    Checking bech32 v0.11.1
    Checking html-escape v0.2.15
    Checking meatybroth v0.1.0 (/workspace/.worktrees/meatybroth-sla)
    Finished `dev` profile [unoptimized] target(s) in 52.13s
