[
  {
    "reader": "Python matched",
    "path": "/?mode=new",
    "seconds": [
      0.3638,
      0.2409,
      0.4723
    ]
  },
  {
    "reader": "Python matched",
    "path": "/?q=bitcoin",
    "seconds": [
      0.1502,
      0.1239,
      0.142
    ]
  },
  {
    "reader": "Python matched",
    "path": "/?mode=discovery&reach=3&order=connections",
    "seconds": [
      0.5912,
      0.7144,
      0.9796
    ]
  },
  {
    "reader": "Python matched",
    "path": "/?mode=conversations",
    "seconds": [
      0.2679,
      0.2093,
      0.2439
    ]
  },
  {
    "reader": "Python matched",
    "path": "/status",
    "seconds": [
      0.0516,
      0.0169,
      0.0279
    ]
  },
  {
    "reader": "Rust matched",
    "path": "/?mode=new",
    "seconds": [
      0.1594,
      0.1055,
      0.1206
    ]
  },
  {
    "reader": "Rust matched",
    "path": "/?q=bitcoin",
    "seconds": [
      0.1813,
      0.1046,
      0.0942
    ]
  },
  {
    "reader": "Rust matched",
    "path": "/?mode=discovery&reach=3&order=connections",
    "seconds": [
      0.9992,
      0.588,
      0.7374
    ]
  },
  {
    "reader": "Rust matched",
    "path": "/?mode=conversations",
    "seconds": [
      0.4555,
      0.2499,
      0.2581
    ]
  },
  {
    "reader": "Rust matched",
    "path": "/status",
    "seconds": [
      0.0491,
      0.0315,
      0.0418
    ]
  },
  {
    "reader": "Rust original SDK",
    "path": "/?mode=new",
    "seconds": [
      0.5555,
      0.081,
      0.1457
    ]
  },
  {
    "reader": "Rust original SDK",
    "path": "/?q=bitcoin",
    "seconds": [
      0.3478,
      0.0544,
      0.0511
    ]
  },
  {
    "reader": "Rust original SDK",
    "path": "/?mode=discovery&reach=3&order=connections",
    "seconds": [
      4.8486,
      3.7596,
      3.5005
    ]
  },
  {
    "reader": "Rust original SDK",
    "path": "/?mode=conversations",
    "seconds": [
      0.409,
      0.2428,
      0.2047
    ]
  },
  {
    "reader": "Rust original SDK",
    "path": "/status",
    "seconds": [
      0.0341,
      0.037,
      0.0168
    ]
  }
]
