warning: unused config key `unstable.min-publish-age` in `/home/code/.cargo/config.toml`
    Updating crates.io index
     Locking 106 packages to highest compatible versions as of 8 days ago
      Adding aead v0.5.2
      Adding arrayvec v0.7.8
      Adding async-utility v0.3.2
      Adding async-wsocket v0.17.0
      Adding base64 v0.22.1
      Adding bech32 v0.12.0
      Adding bip39 v2.2.2
      Adding bitcoin-consensus-encoding v1.2.0
      Adding bitcoin-internals v0.6.0
      Adding bitcoin-io v0.1.101
      Adding bitcoin_hashes v0.14.101
      Adding bitcoin_hashes v1.2.0
      Adding block-buffer v0.10.4
      Adding block-padding v0.3.3
      Adding byteorder v1.5.0
      Adding cbc v0.1.2
      Adding chacha20 v0.9.1
      Adding chacha20poly1305 v0.10.1
      Adding cipher v0.4.4
      Adding cpufeatures v0.2.17
      Adding crypto-common v0.1.7
      Adding data-encoding v2.11.1
      Adding digest v0.10.7
      Adding either v1.18.0
      Adding faster-hex v0.10.0
      Adding futures v0.3.34
      Adding futures-executor v0.3.34
      Adding futures-io v0.3.34
      Adding futures-macro v0.3.34
      Adding futures-sink v0.3.34
      Adding generic-array v0.14.7 (available: v0.14.9)
      Adding getrandom v0.2.17
      Adding getrandom v0.3.4
      Adding gloo-timers v0.3.0
      Adding hash32 v0.3.1
      Adding heapless v0.8.0
      Adding hex-conservative v0.2.3
      Adding hex-conservative v1.2.0 (available: v1.3.0, published 8 days ago)
      Adding inout v0.1.4
      Adding lru v0.18.4
      Adding negentropy v0.5.1
      Adding nostr v0.45.4 (available: v0.45.5, published 2 days ago)
      Adding nostr-database v0.45.1 (available: v0.45.2, published 2 days ago)
      Adding nostr-gossip v0.45.0 (available: v0.45.1, published 2 days ago)
      Adding nostr-sdk v0.45.2 (available: v0.45.3, published 2 days ago)
      Adding nostr-sqlite v0.45.1 (available: v0.45.2, published 2 days ago)
      Adding opaque-debug v0.3.1
      Adding opaquerr v0.2.0
      Adding poly1305 v0.8.0
      Adding ppv-lite86 v0.2.21
      Adding r-efi v5.3.0
      Adding rand v0.8.8
      Adding rand v0.9.5
      Adding rand v0.10.2
      Adding rand_chacha v0.3.1
      Adding rand_chacha v0.9.0
      Adding rand_core v0.6.4
      Adding rand_core v0.9.5
      Adding rand_core v0.10.1
      Adding ring v0.17.14
      Adding rustls v0.23.43 (available: v0.23.44, published 6 days ago)
      Adding rustls-pki-types v1.15.1
      Adding rustls-webpki v0.103.15
      Adding secp256k1 v0.30.0
      Adding secp256k1-sys v0.10.1
      Adding sha1 v0.10.7
      Adding subtle v2.6.1
      Adding thiserror v1.0.69
      Adding thiserror-impl v1.0.69
      Adding tinyvec v1.13.2
      Adding tinyvec_macros v0.1.1
      Adding tokio-happy-eyeballs v0.1.0
      Adding tokio-rustls v0.26.5
      Adding tokio-socks v0.5.3
      Adding tokio-stream v0.1.19
      Adding tokio-tungstenite v0.28.0 (available: v0.30.0)
      Adding tokio-tungstenite v0.29.0
      Adding tokio-util v0.7.19
      Adding tungstenite v0.28.0
      Adding tungstenite v0.29.0
      Adding typenum v1.20.1
      Adding unicode-normalization v0.1.25
      Adding universal-hash v0.5.1
      Adding universal-time v0.3.1
      Adding untrusted v0.9.0
      Adding utf-8 v0.7.6
      Adding version_check v0.9.5
      Adding wasip2 v1.0.4+wasi-0.2.12
      Adding wasm-bindgen-futures v0.4.78
      Adding web-sys v0.3.105
      Adding webpki-roots v0.26.11
      Adding webpki-roots v1.0.9
      Adding windows-sys v0.52.0
      Adding windows-targets v0.52.6
      Adding windows_aarch64_gnullvm v0.52.6
      Adding windows_aarch64_msvc v0.52.6
      Adding windows_i686_gnu v0.52.6
      Adding windows_i686_gnullvm v0.52.6
      Adding windows_i686_msvc v0.52.6
      Adding windows_x86_64_gnu v0.52.6
      Adding windows_x86_64_gnullvm v0.52.6
      Adding windows_x86_64_msvc v0.52.6
      Adding wit-bindgen v0.57.1
      Adding zerocopy v0.8.56 (available: v0.8.57, published 4 days ago)
      Adding zerocopy-derive v0.8.56 (available: v0.8.57, published 4 days ago)
      Adding zeroize v1.9.0
note: pass `--verbose` to see 6 unchanged dependencies behind latest
